ARM Linker, 4.1 [Build 481] [Standard]

==============================================================================

Section Cross References

    main.o(i.DrvSYS_Delay) refers to system_m051series.o(.data) for CyclesPerUs
    main.o(i.SYS_Init) refers to clk.o(i.CLK_WaitClockReady) for CLK_WaitClockReady
    main.o(i.SYS_Init) refers to system_m051series.o(i.SystemCoreClockUpdate) for SystemCoreClockUpdate
    main.o(i.UART0_Init) refers to sys.o(i.SYS_ResetModule) for SYS_ResetModule
    main.o(i.UART0_Init) refers to uart.o(i.UART_Open) for UART_Open
    main.o(i.main) refers to main.o(i.SYS_Init) for SYS_Init
    main.o(i.main) refers to realyctrl.o(i.HWRealyInit) for HWRealyInit
    main.o(i.main) refers to realyctrl.o(i.GetHwAddrIint) for GetHwAddrIint
    main.o(i.main) refers to mb.o(i.eMBInit) for eMBInit
    main.o(i.main) refers to mb.o(i.eMBEnable) for eMBEnable
    main.o(i.main) refers to mb.o(i.eMBPoll) for eMBPoll
    main.o(i.main) refers to realyctrl.o(i.RealyPoll) for RealyPoll
    main.o(i.main) refers to realyctrl.o(i.KeyPool) for KeyPool
    main.o(i.main) refers to main.o(.data) for SlaveAddr
    portevent.o(i.xMBPortEventGet) refers to portevent.o(.data) for xEventInQueue
    portevent.o(i.xMBPortEventInit) refers to portevent.o(.data) for xEventInQueue
    portevent.o(i.xMBPortEventPost) refers to portevent.o(.data) for xEventInQueue
    portserial.o(i.UART0_IRQHandler) refers to portserial.o(i.prvvUARTRxISR) for prvvUARTRxISR
    portserial.o(i.UART0_IRQHandler) refers to portserial.o(i.prvvUARTTxReadyISR) for prvvUARTTxReadyISR
    portserial.o(i.prvvUARTRxISR) refers to mb.o(.data) for pxMBFrameCBByteReceived
    portserial.o(i.prvvUARTTxReadyISR) refers to mb.o(.data) for pxMBFrameCBTransmitterEmpty
    portserial.o(i.xMBPortSerialInit) refers to sys.o(i.SYS_ResetModule) for SYS_ResetModule
    portserial.o(i.xMBPortSerialInit) refers to clk.o(i.CLK_SetModuleClock) for CLK_SetModuleClock
    portserial.o(i.xMBPortSerialInit) refers to clk.o(i.CLK_EnableModuleClock) for CLK_EnableModuleClock
    portserial.o(i.xMBPortSerialInit) refers to uart.o(i.UART_Open) for UART_Open
    portserial.o(i.xMBPortSerialInit) refers to port.o(i.EnterCriticalSection) for EnterCriticalSection
    portserial.o(i.xMBPortSerialInit) refers to portserial.o(i.NVIC_SetPriority) for NVIC_SetPriority
    portserial.o(i.xMBPortSerialInit) refers to port.o(i.ExitCriticalSection) for ExitCriticalSection
    porttimer.o(i.TMR1_IRQHandler) refers to porttimer.o(i.prvvTIMERExpiredISR) for prvvTIMERExpiredISR
    porttimer.o(i.TMR1_IRQHandler) refers to porttimer.o(.data) for Timehandel
    porttimer.o(i.prvvTIMERExpiredISR) refers to mb.o(.data) for pxMBPortCBTimerExpired
    porttimer.o(i.vMBPortTimersDisable) refers to porttimer.o(.data) for Timehandel
    porttimer.o(i.vMBPortTimersEnable) refers to porttimer.o(i.TIMER_EnableInt) for TIMER_EnableInt
    porttimer.o(i.vMBPortTimersEnable) refers to porttimer.o(i.NVIC_EnableIRQ) for NVIC_EnableIRQ
    porttimer.o(i.vMBPortTimersEnable) refers to porttimer.o(i.TIMER_Start) for TIMER_Start
    porttimer.o(i.vMBPortTimersEnable) refers to porttimer.o(.data) for Timehandel
    porttimer.o(i.xMBPortTimersInit) refers to timer.o(i.TIMER_Open) for TIMER_Open
    porttimer.o(i.xMBPortTimersInit) refers to porttimer.o(i.TIMER_EnableInt) for TIMER_EnableInt
    porttimer.o(i.xMBPortTimersInit) refers to porttimer.o(i.NVIC_SetPriority) for NVIC_SetPriority
    porttimer.o(i.xMBPortTimersInit) refers to porttimer.o(i.NVIC_EnableIRQ) for NVIC_EnableIRQ
    porttimer.o(i.xMBPortTimersInit) refers to porttimer.o(i.TIMER_Start) for TIMER_Start
    porttimer.o(i.xMBPortTimersInit) refers to porttimer.o(.data) for MBTimerout50us
    user_mb_app.o(i.eMBRegCoilsCB) refers to user_mb_app.o(i.xMBMasterGetCBRunInMasterMode) for xMBMasterGetCBRunInMasterMode
    user_mb_app.o(i.eMBRegCoilsCB) refers to user_mb_app.o(i.ucMBMasterGetDestAddress) for ucMBMasterGetDestAddress
    user_mb_app.o(i.eMBRegCoilsCB) refers to mbutils.o(i.xMBUtilGetBits) for xMBUtilGetBits
    user_mb_app.o(i.eMBRegCoilsCB) refers to mbutils.o(i.xMBUtilSetBits) for xMBUtilSetBits
    user_mb_app.o(i.eMBRegCoilsCB) refers to user_mb_app.o(.bss) for ucMCoilBuf
    user_mb_app.o(i.eMBRegCoilsCB) refers to user_mb_app.o(.data) for usMCoilStart
    user_mb_app.o(i.eMBRegDiscreteCB) refers to user_mb_app.o(i.xMBMasterGetCBRunInMasterMode) for xMBMasterGetCBRunInMasterMode
    user_mb_app.o(i.eMBRegDiscreteCB) refers to user_mb_app.o(i.ucMBMasterGetDestAddress) for ucMBMasterGetDestAddress
    user_mb_app.o(i.eMBRegDiscreteCB) refers to mbutils.o(i.xMBUtilSetBits) for xMBUtilSetBits
    user_mb_app.o(i.eMBRegDiscreteCB) refers to mbutils.o(i.xMBUtilGetBits) for xMBUtilGetBits
    user_mb_app.o(i.eMBRegDiscreteCB) refers to user_mb_app.o(.bss) for ucMDiscInBuf
    user_mb_app.o(i.eMBRegDiscreteCB) refers to user_mb_app.o(.data) for usMDiscInStart
    user_mb_app.o(i.eMBRegHoldingCB) refers to user_mb_app.o(i.xMBMasterGetCBRunInMasterMode) for xMBMasterGetCBRunInMasterMode
    user_mb_app.o(i.eMBRegHoldingCB) refers to user_mb_app.o(i.ucMBMasterGetDestAddress) for ucMBMasterGetDestAddress
    user_mb_app.o(i.eMBRegHoldingCB) refers to user_mb_app.o(.bss) for usMRegHoldBuf
    user_mb_app.o(i.eMBRegHoldingCB) refers to user_mb_app.o(.data) for usMRegHoldStart
    user_mb_app.o(i.eMBRegInputCB) refers to user_mb_app.o(i.xMBMasterGetCBRunInMasterMode) for xMBMasterGetCBRunInMasterMode
    user_mb_app.o(i.eMBRegInputCB) refers to user_mb_app.o(i.ucMBMasterGetDestAddress) for ucMBMasterGetDestAddress
    user_mb_app.o(i.eMBRegInputCB) refers to user_mb_app.o(.bss) for usMRegInBuf
    user_mb_app.o(i.eMBRegInputCB) refers to user_mb_app.o(.data) for usMRegInStart
    user_mb_app.o(.data) refers to user_mb_app.o(.bss) for usSRegInBuf
    mbcrc.o(i.crc_ccitt) refers to mbcrc.o(.constdata) for ccitt_table
    mbcrc.o(i.usMBCRC16) refers to mbcrc.o(.constdata) for aucCRCHi
    mbrtu.o(i.eMBRTUInit) refers to port.o(i.EnterCriticalSection) for EnterCriticalSection
    mbrtu.o(i.eMBRTUInit) refers to portserial.o(i.xMBPortSerialInit) for xMBPortSerialInit
    mbrtu.o(i.eMBRTUInit) refers to uidiv.o(.text) for __aeabi_uidivmod
    mbrtu.o(i.eMBRTUInit) refers to porttimer.o(i.xMBPortTimersInit) for xMBPortTimersInit
    mbrtu.o(i.eMBRTUInit) refers to port.o(i.ExitCriticalSection) for ExitCriticalSection
    mbrtu.o(i.eMBRTUReceive) refers to port.o(i.EnterCriticalSection) for EnterCriticalSection
    mbrtu.o(i.eMBRTUReceive) refers to mbcrc.o(i.usMBCRC16) for usMBCRC16
    mbrtu.o(i.eMBRTUReceive) refers to port.o(i.ExitCriticalSection) for ExitCriticalSection
    mbrtu.o(i.eMBRTUReceive) refers to mbrtu.o(.data) for usRcvBufferPos
    mbrtu.o(i.eMBRTUReceive) refers to mbrtu.o(.bss) for ucRTUBuf
    mbrtu.o(i.eMBRTUSend) refers to port.o(i.EnterCriticalSection) for EnterCriticalSection
    mbrtu.o(i.eMBRTUSend) refers to mbcrc.o(i.usMBCRC16) for usMBCRC16
    mbrtu.o(i.eMBRTUSend) refers to portserial.o(i.vMBPortSerialEnable) for vMBPortSerialEnable
    mbrtu.o(i.eMBRTUSend) refers to port.o(i.ExitCriticalSection) for ExitCriticalSection
    mbrtu.o(i.eMBRTUSend) refers to mbrtu.o(.data) for eRcvState
    mbrtu.o(i.eMBRTUSend) refers to mbrtu.o(.bss) for ucRTUBuf
    mbrtu.o(i.eMBRTUStart) refers to port.o(i.EnterCriticalSection) for EnterCriticalSection
    mbrtu.o(i.eMBRTUStart) refers to portserial.o(i.vMBPortSerialEnable) for vMBPortSerialEnable
    mbrtu.o(i.eMBRTUStart) refers to porttimer.o(i.vMBPortTimersEnable) for vMBPortTimersEnable
    mbrtu.o(i.eMBRTUStart) refers to port.o(i.ExitCriticalSection) for ExitCriticalSection
    mbrtu.o(i.eMBRTUStart) refers to mbrtu.o(.data) for eRcvState
    mbrtu.o(i.eMBRTUStop) refers to port.o(i.EnterCriticalSection) for EnterCriticalSection
    mbrtu.o(i.eMBRTUStop) refers to portserial.o(i.vMBPortSerialEnable) for vMBPortSerialEnable
    mbrtu.o(i.eMBRTUStop) refers to porttimer.o(i.vMBPortTimersDisable) for vMBPortTimersDisable
    mbrtu.o(i.eMBRTUStop) refers to port.o(i.ExitCriticalSection) for ExitCriticalSection
    mbrtu.o(i.peBTFrameSendCur) refers to port.o(i.EnterCriticalSection) for EnterCriticalSection
    mbrtu.o(i.peBTFrameSendCur) refers to port.o(i.ExitCriticalSection) for ExitCriticalSection
    mbrtu.o(i.peBTFrameSendCur) refers to memcpya.o(.text) for __aeabi_memcpy
    mbrtu.o(i.peBTFrameSendCur) refers to mbcrc.o(i.crc_ccitt) for crc_ccitt
    mbrtu.o(i.peBTFrameSendCur) refers to portserial.o(i.vMBPortSerialEnable) for vMBPortSerialEnable
    mbrtu.o(i.peBTFrameSendCur) refers to mbrtu.o(.data) for eRcvState
    mbrtu.o(i.peBTFrameSendCur) refers to mbrtu.o(.bss) for ucRTUBuf
    mbrtu.o(i.xMBRTUReceiveFSM) refers to portserial.o(i.xMBPortSerialGetByte) for xMBPortSerialGetByte
    mbrtu.o(i.xMBRTUReceiveFSM) refers to porttimer.o(i.vMBPortTimersEnable) for vMBPortTimersEnable
    mbrtu.o(i.xMBRTUReceiveFSM) refers to mbrtu.o(.data) for eRcvState
    mbrtu.o(i.xMBRTUReceiveFSM) refers to mbrtu.o(.bss) for ucRTUBuf
    mbrtu.o(i.xMBRTUTimerT35Expired) refers to portevent.o(i.xMBPortEventPost) for xMBPortEventPost
    mbrtu.o(i.xMBRTUTimerT35Expired) refers to porttimer.o(i.vMBPortTimersDisable) for vMBPortTimersDisable
    mbrtu.o(i.xMBRTUTimerT35Expired) refers to mbrtu.o(.data) for eRcvState
    mbrtu.o(i.xMBRTUTransmitFSM) refers to portserial.o(i.vMBPortSerialEnable) for vMBPortSerialEnable
    mbrtu.o(i.xMBRTUTransmitFSM) refers to portserial.o(i.xMBPortSerialPutByte) for xMBPortSerialPutByte
    mbrtu.o(i.xMBRTUTransmitFSM) refers to portevent.o(i.xMBPortEventPost) for xMBPortEventPost
    mbrtu.o(i.xMBRTUTransmitFSM) refers to mbrtu.o(.data) for eSndState
    btfunc.o(i.eBTFuncReadHoldingRegister) refers to mbutils.o(i.prveMBError2Exception) for prveMBError2Exception
    mbfunccoils.o(i.eMBFuncReadCoils) refers to user_mb_app.o(i.eMBRegCoilsCB) for eMBRegCoilsCB
    mbfunccoils.o(i.eMBFuncReadCoils) refers to mbutils.o(i.prveMBError2Exception) for prveMBError2Exception
    mbfunccoils.o(i.eMBFuncWriteCoil) refers to user_mb_app.o(i.eMBRegCoilsCB) for eMBRegCoilsCB
    mbfunccoils.o(i.eMBFuncWriteCoil) refers to mbutils.o(i.prveMBError2Exception) for prveMBError2Exception
    mbfunccoils.o(i.eMBFuncWriteMultipleCoils) refers to user_mb_app.o(i.eMBRegCoilsCB) for eMBRegCoilsCB
    mbfunccoils.o(i.eMBFuncWriteMultipleCoils) refers to mbutils.o(i.prveMBError2Exception) for prveMBError2Exception
    mbfuncdisc.o(i.eMBFuncReadDiscreteInputs) refers to user_mb_app.o(i.eMBRegDiscreteCB) for eMBRegDiscreteCB
    mbfuncdisc.o(i.eMBFuncReadDiscreteInputs) refers to mbutils.o(i.prveMBError2Exception) for prveMBError2Exception
    mbfuncholding.o(i.eMBFuncReadHoldingRegister) refers to user_mb_app.o(i.eMBRegHoldingCB) for eMBRegHoldingCB
    mbfuncholding.o(i.eMBFuncReadHoldingRegister) refers to mbutils.o(i.prveMBError2Exception) for prveMBError2Exception
    mbfuncholding.o(i.eMBFuncReadWriteMultipleHoldingRegister) refers to user_mb_app.o(i.eMBRegHoldingCB) for eMBRegHoldingCB
    mbfuncholding.o(i.eMBFuncReadWriteMultipleHoldingRegister) refers to mbutils.o(i.prveMBError2Exception) for prveMBError2Exception
    mbfuncholding.o(i.eMBFuncWriteHoldingRegister) refers to user_mb_app.o(i.eMBRegHoldingCB) for eMBRegHoldingCB
    mbfuncholding.o(i.eMBFuncWriteHoldingRegister) refers to mbutils.o(i.prveMBError2Exception) for prveMBError2Exception
    mbfuncholding.o(i.eMBFuncWriteMultipleHoldingRegister) refers to user_mb_app.o(i.eMBRegHoldingCB) for eMBRegHoldingCB
    mbfuncholding.o(i.eMBFuncWriteMultipleHoldingRegister) refers to mbutils.o(i.prveMBError2Exception) for prveMBError2Exception
    mbfuncinput.o(i.eMBFuncReadInputRegister) refers to user_mb_app.o(i.eMBRegInputCB) for eMBRegInputCB
    mbfuncinput.o(i.eMBFuncReadInputRegister) refers to mbutils.o(i.prveMBError2Exception) for prveMBError2Exception
    mbfuncother.o(i.eMBFuncReportSlaveID) refers to memcpya.o(.text) for __aeabi_memcpy
    mbfuncother.o(i.eMBFuncReportSlaveID) refers to mbfuncother.o(.data) for usMBSlaveIDLen
    mbfuncother.o(i.eMBFuncReportSlaveID) refers to mbfuncother.o(.bss) for ucMBSlaveID
    mbfuncother.o(i.eMBSetSlaveID) refers to memcpya.o(.text) for __aeabi_memcpy
    mbfuncother.o(i.eMBSetSlaveID) refers to mbfuncother.o(.data) for usMBSlaveIDLen
    mbfuncother.o(i.eMBSetSlaveID) refers to mbfuncother.o(.bss) for ucMBSlaveID
    mb.o(i.eMBClose) refers to mb.o(.data) for eMBState
    mb.o(i.eMBDisable) refers to mb.o(.data) for eMBState
    mb.o(i.eMBEnable) refers to mb.o(.data) for eMBState
    mb.o(i.eMBInit) refers to mbrtu.o(i.eMBRTUInit) for eMBRTUInit
    mb.o(i.eMBInit) refers to portevent.o(i.xMBPortEventInit) for xMBPortEventInit
    mb.o(i.eMBInit) refers to mb.o(.data) for ucMBAddress
    mb.o(i.eMBInit) refers to mbrtu.o(i.eMBRTUStart) for eMBRTUStart
    mb.o(i.eMBInit) refers to mbrtu.o(i.eMBRTUStop) for eMBRTUStop
    mb.o(i.eMBInit) refers to mbrtu.o(i.eMBRTUSend) for eMBRTUSend
    mb.o(i.eMBInit) refers to mbrtu.o(i.eMBRTUReceive) for eMBRTUReceive
    mb.o(i.eMBInit) refers to mbrtu.o(i.xMBRTUReceiveFSM) for xMBRTUReceiveFSM
    mb.o(i.eMBInit) refers to mbrtu.o(i.xMBRTUTransmitFSM) for xMBRTUTransmitFSM
    mb.o(i.eMBInit) refers to mbrtu.o(i.xMBRTUTimerT35Expired) for xMBRTUTimerT35Expired
    mb.o(i.eMBPoll) refers to portevent.o(i.xMBPortEventGet) for xMBPortEventGet
    mb.o(i.eMBPoll) refers to mb.o(i.__ARM_common_switch8) for __ARM_common_switch8
    mb.o(i.eMBPoll) refers to portevent.o(i.xMBPortEventPost) for xMBPortEventPost
    mb.o(i.eMBPoll) refers to mbrtu.o(i.peBTFrameSendCur) for peBTFrameSendCur
    mb.o(i.eMBPoll) refers to mb.o(.data) for eMBState
    mb.o(i.eMBRegisterCB) refers to port.o(i.EnterCriticalSection) for EnterCriticalSection
    mb.o(i.eMBRegisterCB) refers to port.o(i.ExitCriticalSection) for ExitCriticalSection
    mb.o(i.eMBRegisterCB) refers to mb.o(.data) for xFuncHandlers
    mb.o(.data) refers to btfunc.o(i.eBTFuncReadHoldingRegister) for eBTFuncReadHoldingRegister
    mb.o(.data) refers to mbfuncother.o(i.eMBFuncReportSlaveID) for eMBFuncReportSlaveID
    mb.o(.data) refers to mbfuncinput.o(i.eMBFuncReadInputRegister) for eMBFuncReadInputRegister
    mb.o(.data) refers to mbfuncholding.o(i.eMBFuncReadHoldingRegister) for eMBFuncReadHoldingRegister
    mb.o(.data) refers to mbfuncholding.o(i.eMBFuncWriteMultipleHoldingRegister) for eMBFuncWriteMultipleHoldingRegister
    mb.o(.data) refers to mbfuncholding.o(i.eMBFuncWriteHoldingRegister) for eMBFuncWriteHoldingRegister
    mb.o(.data) refers to mbfuncholding.o(i.eMBFuncReadWriteMultipleHoldingRegister) for eMBFuncReadWriteMultipleHoldingRegister
    mb.o(.data) refers to mbfunccoils.o(i.eMBFuncReadCoils) for eMBFuncReadCoils
    mb.o(.data) refers to mbfunccoils.o(i.eMBFuncWriteCoil) for eMBFuncWriteCoil
    mb.o(.data) refers to mbfunccoils.o(i.eMBFuncWriteMultipleCoils) for eMBFuncWriteMultipleCoils
    mb.o(.data) refers to mbfuncdisc.o(i.eMBFuncReadDiscreteInputs) for eMBFuncReadDiscreteInputs
    clk.o(i.CLK_DisableCKO) refers to clk.o(i.CLK_DisableModuleClock) for CLK_DisableModuleClock
    clk.o(i.CLK_EnableCKO) refers to clk.o(i.CLK_EnableModuleClock) for CLK_EnableModuleClock
    clk.o(i.CLK_EnableCKO) refers to clk.o(i.CLK_SetModuleClock) for CLK_SetModuleClock
    clk.o(i.CLK_EnablePLL) refers to clk.o(i.CLK_WaitClockReady) for CLK_WaitClockReady
    clk.o(i.CLK_EnablePLL) refers to clk.o(i.CLK_GetPLLClockFreq) for CLK_GetPLLClockFreq
    clk.o(i.CLK_EnablePLL) refers to uidiv.o(.text) for __aeabi_uidivmod
    clk.o(i.CLK_GetCPUFreq) refers to system_m051series.o(i.SystemCoreClockUpdate) for SystemCoreClockUpdate
    clk.o(i.CLK_GetCPUFreq) refers to system_m051series.o(.data) for SystemCoreClock
    clk.o(i.CLK_GetHCLKFreq) refers to system_m051series.o(i.SystemCoreClockUpdate) for SystemCoreClockUpdate
    clk.o(i.CLK_GetHCLKFreq) refers to system_m051series.o(.data) for SystemCoreClock
    clk.o(i.CLK_GetPLLClockFreq) refers to uidiv.o(.text) for __aeabi_uidivmod
    clk.o(i.CLK_SetCoreClock) refers to clk.o(i.CLK_EnablePLL) for CLK_EnablePLL
    clk.o(i.CLK_SetCoreClock) refers to clk.o(i.CLK_SetHCLK) for CLK_SetHCLK
    clk.o(i.CLK_SetHCLK) refers to system_m051series.o(i.SystemCoreClockUpdate) for SystemCoreClockUpdate
    ebi.o(i.EBI_Open) refers to mb.o(i.__ARM_common_switch8) for __ARM_common_switch8
    fmc.o(i.FMC_ReadConfig) refers to fmc.o(i.FMC_Read) for FMC_Read
    fmc.o(i.FMC_WriteConfig) refers to fmc.o(i.FMC_Read) for FMC_Read
    i2c.o(i.I2C_GetBusClockFreq) refers to uidiv.o(.text) for __aeabi_uidivmod
    i2c.o(i.I2C_GetBusClockFreq) refers to system_m051series.o(.data) for SystemCoreClock
    i2c.o(i.I2C_Open) refers to uidiv.o(.text) for __aeabi_uidivmod
    i2c.o(i.I2C_Open) refers to system_m051series.o(.data) for SystemCoreClock
    i2c.o(i.I2C_SetBusClockFreq) refers to uidiv.o(.text) for __aeabi_uidivmod
    i2c.o(i.I2C_SetBusClockFreq) refers to system_m051series.o(.data) for SystemCoreClock
    pwm.o(i.PWM_ConfigCaptureChannel) refers to memcpya.o(.text) for __aeabi_memcpy4
    pwm.o(i.PWM_ConfigCaptureChannel) refers to system_m051series.o(i.SystemCoreClockUpdate) for SystemCoreClockUpdate
    pwm.o(i.PWM_ConfigCaptureChannel) refers to uidiv.o(.text) for __aeabi_uidivmod
    pwm.o(i.PWM_ConfigCaptureChannel) refers to pwm.o(.constdata) for .constdata
    pwm.o(i.PWM_ConfigCaptureChannel) refers to system_m051series.o(.data) for SystemCoreClock
    pwm.o(i.PWM_ConfigOutputChannel) refers to memcpya.o(.text) for __aeabi_memcpy4
    pwm.o(i.PWM_ConfigOutputChannel) refers to system_m051series.o(i.SystemCoreClockUpdate) for SystemCoreClockUpdate
    pwm.o(i.PWM_ConfigOutputChannel) refers to uidiv.o(.text) for __aeabi_uidivmod
    pwm.o(i.PWM_ConfigOutputChannel) refers to pwm.o(.constdata) for .constdata
    pwm.o(i.PWM_ConfigOutputChannel) refers to system_m051series.o(.data) for SystemCoreClock
    retarget.o(i.SendChar) refers to retarget.o(i.SendChar_ToUART) for SendChar_ToUART
    retarget.o(i._ttywrch) refers to retarget.o(i.SendChar) for SendChar
    retarget.o(i.fgetc) refers to retarget.o(i.GetChar) for GetChar
    retarget.o(i.fputc) refers to retarget.o(i.SendChar) for SendChar
    spi.o(i.CLK_GetPLLClockFreq) refers to uidiv.o(.text) for __aeabi_uidivmod
    spi.o(i.SPI_GetBusClock) refers to clk.o(i.CLK_GetHCLKFreq) for CLK_GetHCLKFreq
    spi.o(i.SPI_GetBusClock) refers to uidiv.o(.text) for __aeabi_uidivmod
    spi.o(i.SPI_GetBusClock) refers to spi.o(i.CLK_GetPLLClockFreq) for CLK_GetPLLClockFreq
    spi.o(i.SPI_Open) refers to clk.o(i.CLK_GetHCLKFreq) for CLK_GetHCLKFreq
    spi.o(i.SPI_Open) refers to uidiv.o(.text) for __aeabi_uidivmod
    spi.o(i.SPI_Open) refers to spi.o(i.CLK_GetPLLClockFreq) for CLK_GetPLLClockFreq
    spi.o(i.SPI_SetBusClock) refers to clk.o(i.CLK_GetHCLKFreq) for CLK_GetHCLKFreq
    spi.o(i.SPI_SetBusClock) refers to uidiv.o(.text) for __aeabi_uidivmod
    spi.o(i.SPI_SetBusClock) refers to spi.o(i.CLK_GetPLLClockFreq) for CLK_GetPLLClockFreq
    timer.o(i.TIMER_Delay) refers to timer.o(i.TIMER_GetModuleClock) for TIMER_GetModuleClock
    timer.o(i.TIMER_Delay) refers to uidiv.o(.text) for __aeabi_uidivmod
    timer.o(i.TIMER_Delay) refers to system_m051series.o(.data) for SystemCoreClock
    timer.o(i.TIMER_GetModuleClock) refers to memcpya.o(.text) for __aeabi_memcpy4
    timer.o(i.TIMER_GetModuleClock) refers to timer.o(.constdata) for .constdata
    timer.o(i.TIMER_GetModuleClock) refers to system_m051series.o(.data) for SystemCoreClock
    timer.o(i.TIMER_Open) refers to timer.o(i.TIMER_GetModuleClock) for TIMER_GetModuleClock
    timer.o(i.TIMER_Open) refers to uidiv.o(.text) for __aeabi_uidivmod
    uart.o(i.CLK_GetPLLClockFreq) refers to uidiv.o(.text) for __aeabi_uidivmod
    uart.o(i.UART_DisableInt) refers to uart.o(i.NVIC_DisableIRQ) for NVIC_DisableIRQ
    uart.o(i.UART_EnableInt) refers to uart.o(i.NVIC_EnableIRQ) for NVIC_EnableIRQ
    uart.o(i.UART_Open) refers to uart.o(i.CLK_GetPLLClockFreq) for CLK_GetPLLClockFreq
    uart.o(i.UART_Open) refers to uidiv.o(.text) for __aeabi_uidivmod
    uart.o(i.UART_Open) refers to uart.o(.constdata) for .constdata
    uart.o(i.UART_SelectIrDAMode) refers to uart.o(i.CLK_GetPLLClockFreq) for CLK_GetPLLClockFreq
    uart.o(i.UART_SelectIrDAMode) refers to uidiv.o(.text) for __aeabi_uidivmod
    uart.o(i.UART_SelectIrDAMode) refers to uart.o(.constdata) for .constdata
    uart.o(i.UART_SetLine_Config) refers to uart.o(i.CLK_GetPLLClockFreq) for CLK_GetPLLClockFreq
    uart.o(i.UART_SetLine_Config) refers to uidiv.o(.text) for __aeabi_uidivmod
    uart.o(i.UART_SetLine_Config) refers to uart.o(.constdata) for .constdata
    startup_m051series.o(RESET) refers to startup_m051series.o(STACK) for __initial_sp
    startup_m051series.o(RESET) refers to startup_m051series.o(.text) for Reset_Handler
    startup_m051series.o(RESET) refers to porttimer.o(i.TMR1_IRQHandler) for TMR1_IRQHandler
    startup_m051series.o(RESET) refers to portserial.o(i.UART0_IRQHandler) for UART0_IRQHandler
    startup_m051series.o(.text) refers to system_m051series.o(i.SystemInit) for SystemInit
    startup_m051series.o(.text) refers to entry.o(.ARM.Collect$$$$00000000) for __main
    system_m051series.o(i.CLK_GetPLLClockFreq) refers to uidiv.o(.text) for __aeabi_uidivmod
    system_m051series.o(i.SystemCoreClockUpdate) refers to system_m051series.o(i.CLK_GetPLLClockFreq) for CLK_GetPLLClockFreq
    system_m051series.o(i.SystemCoreClockUpdate) refers to uidiv.o(.text) for __aeabi_uidivmod
    system_m051series.o(i.SystemCoreClockUpdate) refers to system_m051series.o(.data) for PllClock
    system_m051series.o(i.SystemCoreClockUpdate) refers to system_m051series.o(.constdata) for gau32ClkSrcTbl
    realyctrl.o(i.GetHwAddrIint) refers to gpio.o(i.GPIO_SetMode) for GPIO_SetMode
    realyctrl.o(i.HWRealyInit) refers to gpio.o(i.GPIO_SetMode) for GPIO_SetMode
    realyctrl.o(i.KeyPool) refers to user_mb_app.o(.bss) for usSRegHoldBuf
    realyctrl.o(i.RealyCtrl) refers to mb.o(i.__ARM_common_switch8) for __ARM_common_switch8
    realyctrl.o(i.RealyPoll) refers to realyctrl.o(i.RealyCtrl) for RealyCtrl
    realyctrl.o(i.RealyPoll) refers to user_mb_app.o(.bss) for usSRegHoldBuf
    realyctrl.o(i.RealyPoll) refers to realyctrl.o(.data) for new
    entry.o(.ARM.Collect$$$$00000000) refers (Special) to entry7.o(.ARM.Collect$$$$00000007) for _main_init
    entry.o(.ARM.Collect$$$$00000000) refers (Special) to entry5.o(.ARM.Collect$$$$00000004) for _main_scatterload
    entry.o(.ARM.Collect$$$$00000000) refers (Special) to entry2.o(.ARM.Collect$$$$00000001) for _main_stk
    entry2.o(.ARM.Collect$$$$00000001) refers to entry2.o(.ARM.Collect$$$$00002712) for __lit__00000000
    entry2.o(.ARM.Collect$$$$00002712) refers to startup_m051series.o(STACK) for __initial_sp
    entry2.o(__vectab_stack_and_reset_area) refers to startup_m051series.o(STACK) for __initial_sp
    entry2.o(__vectab_stack_and_reset_area) refers to entry.o(.ARM.Collect$$$$00000000) for __main
    entry5.o(.ARM.Collect$$$$00000004) refers to init.o(.text) for __scatterload
    entry7.o(.ARM.Collect$$$$00000007) refers to main.o(i.main) for main
    init.o(.text) refers to entry5.o(.ARM.Collect$$$$00000004) for __main_after_scatterload


==============================================================================

Removing Unused input sections from the image.

    Removing main.o(.rev16_text), (4 bytes).
    Removing main.o(.revsh_text), (4 bytes).
    Removing main.o(i.DrvSYS_Delay), (44 bytes).
    Removing main.o(i.UART0_Init), (28 bytes).
    Removing portserial.o(.rev16_text), (4 bytes).
    Removing portserial.o(.revsh_text), (4 bytes).
    Removing portserial.o(i.vMBPortClose), (2 bytes).
    Removing porttimer.o(.rev16_text), (4 bytes).
    Removing porttimer.o(.revsh_text), (4 bytes).
    Removing mbrtu.o(.rev16_text), (4 bytes).
    Removing mbrtu.o(.revsh_text), (4 bytes).
    Removing btfunc.o(.rev16_text), (4 bytes).
    Removing btfunc.o(.revsh_text), (4 bytes).
    Removing mbfuncother.o(.rev16_text), (4 bytes).
    Removing mbfuncother.o(.revsh_text), (4 bytes).
    Removing mbfuncother.o(i.eMBSetSlaveID), (120 bytes).
    Removing mbutils.o(.rev16_text), (4 bytes).
    Removing mbutils.o(.revsh_text), (4 bytes).
    Removing mb.o(i.eMBClose), (44 bytes).
    Removing mb.o(i.eMBDisable), (52 bytes).
    Removing mb.o(i.eMBRegisterCB), (140 bytes).
    Removing acmp.o(.rev16_text), (4 bytes).
    Removing acmp.o(.revsh_text), (4 bytes).
    Removing acmp.o(i.ACMP_Close), (18 bytes).
    Removing acmp.o(i.ACMP_Open), (30 bytes).
    Removing adc.o(.rev16_text), (4 bytes).
    Removing adc.o(.revsh_text), (4 bytes).
    Removing adc.o(i.ADC_Close), (36 bytes).
    Removing adc.o(i.ADC_DisableHWTrigger), (20 bytes).
    Removing adc.o(i.ADC_DisableInt), (60 bytes).
    Removing adc.o(i.ADC_EnableHWTrigger), (84 bytes).
    Removing adc.o(i.ADC_EnableInt), (60 bytes).
    Removing adc.o(i.ADC_Open), (44 bytes).
    Removing clk.o(.rev16_text), (4 bytes).
    Removing clk.o(.revsh_text), (4 bytes).
    Removing clk.o(i.CLK_DisableCKO), (16 bytes).
    Removing clk.o(i.CLK_DisableModuleClock), (32 bytes).
    Removing clk.o(i.CLK_DisablePLL), (20 bytes).
    Removing clk.o(i.CLK_DisableXtalRC), (16 bytes).
    Removing clk.o(i.CLK_EnableCKO), (48 bytes).
    Removing clk.o(i.CLK_EnablePLL), (292 bytes).
    Removing clk.o(i.CLK_EnableXtalRC), (16 bytes).
    Removing clk.o(i.CLK_GetCPUFreq), (16 bytes).
    Removing clk.o(i.CLK_GetHCLKFreq), (16 bytes).
    Removing clk.o(i.CLK_GetHXTFreq), (28 bytes).
    Removing clk.o(i.CLK_GetPLLClockFreq), (124 bytes).
    Removing clk.o(i.CLK_Idle), (36 bytes).
    Removing clk.o(i.CLK_PowerDown), (40 bytes).
    Removing clk.o(i.CLK_SetCoreClock), (80 bytes).
    Removing clk.o(i.CLK_SetHCLK), (44 bytes).
    Removing clk.o(i.CLK_SetSysTickClockSrc), (20 bytes).
    Removing ebi.o(.rev16_text), (4 bytes).
    Removing ebi.o(.revsh_text), (4 bytes).
    Removing ebi.o(i.EBI_Close), (20 bytes).
    Removing ebi.o(i.EBI_Open), (272 bytes).
    Removing ebi.o(i.EBI_SetBusTiming), (32 bytes).
    Removing fmc.o(.rev16_text), (4 bytes).
    Removing fmc.o(.revsh_text), (4 bytes).
    Removing fmc.o(i.FMC_Close), (20 bytes).
    Removing fmc.o(i.FMC_DisableAPUpdate), (20 bytes).
    Removing fmc.o(i.FMC_DisableConfigUpdate), (20 bytes).
    Removing fmc.o(i.FMC_DisableLDUpdate), (20 bytes).
    Removing fmc.o(i.FMC_EnableAPUpdate), (20 bytes).
    Removing fmc.o(i.FMC_EnableConfigUpdate), (20 bytes).
    Removing fmc.o(i.FMC_EnableLDUpdate), (20 bytes).
    Removing fmc.o(i.FMC_GetBootSource), (24 bytes).
    Removing fmc.o(i.FMC_Open), (20 bytes).
    Removing fmc.o(i.FMC_Read), (40 bytes).
    Removing fmc.o(i.FMC_ReadConfig), (36 bytes).
    Removing fmc.o(i.FMC_ReadDataFlashBaseAddr), (12 bytes).
    Removing fmc.o(i.FMC_SetBootSource), (36 bytes).
    Removing fmc.o(i.FMC_WriteConfig), (100 bytes).
    Removing gpio.o(.rev16_text), (4 bytes).
    Removing gpio.o(.revsh_text), (4 bytes).
    Removing gpio.o(i.GPIO_DisableInt), (28 bytes).
    Removing gpio.o(i.GPIO_EnableInt), (26 bytes).
    Removing i2c.o(.rev16_text), (4 bytes).
    Removing i2c.o(.revsh_text), (4 bytes).
    Removing i2c.o(i.I2C_ClearTimeoutFlag), (10 bytes).
    Removing i2c.o(i.I2C_Close), (44 bytes).
    Removing i2c.o(i.I2C_DisableInt), (10 bytes).
    Removing i2c.o(i.I2C_DisableTimeout), (10 bytes).
    Removing i2c.o(i.I2C_DisableWakeup), (10 bytes).
    Removing i2c.o(i.I2C_EnableInt), (10 bytes).
    Removing i2c.o(i.I2C_EnableTimeout), (32 bytes).
    Removing i2c.o(i.I2C_EnableWakeup), (10 bytes).
    Removing i2c.o(i.I2C_GetBusClockFreq), (24 bytes).
    Removing i2c.o(i.I2C_GetData), (8 bytes).
    Removing i2c.o(i.I2C_GetIntFlag), (12 bytes).
    Removing i2c.o(i.I2C_GetStatus), (6 bytes).
    Removing i2c.o(i.I2C_Open), (64 bytes).
    Removing i2c.o(i.I2C_SetBusClockFreq), (56 bytes).
    Removing i2c.o(i.I2C_SetData), (4 bytes).
    Removing i2c.o(i.I2C_SetSlaveAddr), (58 bytes).
    Removing i2c.o(i.I2C_SetSlaveAddrMask), (48 bytes).
    Removing i2c.o(i.I2C_Trigger), (50 bytes).
    Removing pwm.o(.rev16_text), (4 bytes).
    Removing pwm.o(.revsh_text), (4 bytes).
    Removing pwm.o(i.PWM_ClearADCTriggerFlag), (12 bytes).
    Removing pwm.o(i.PWM_ClearCaptureIntFlag), (72 bytes).
    Removing pwm.o(i.PWM_ClearDutyIntFlag), (10 bytes).
    Removing pwm.o(i.PWM_ClearPeriodIntFlag), (8 bytes).
    Removing pwm.o(i.PWM_ConfigCaptureChannel), (356 bytes).
    Removing pwm.o(i.PWM_ConfigOutputChannel), (400 bytes).
    Removing pwm.o(i.PWM_DisableADCTrigger), (18 bytes).
    Removing pwm.o(i.PWM_DisableCapture), (62 bytes).
    Removing pwm.o(i.PWM_DisableCaptureInt), (40 bytes).
    Removing pwm.o(i.PWM_DisableDeadZone), (14 bytes).
    Removing pwm.o(i.PWM_DisableDutyInt), (14 bytes).
    Removing pwm.o(i.PWM_DisableOutput), (8 bytes).
    Removing pwm.o(i.PWM_DisablePeriodInt), (12 bytes).
    Removing pwm.o(i.PWM_EnableADCTrigger), (26 bytes).
    Removing pwm.o(i.PWM_EnableCapture), (62 bytes).
    Removing pwm.o(i.PWM_EnableCaptureInt), (36 bytes).
    Removing pwm.o(i.PWM_EnableDeadZone), (40 bytes).
    Removing pwm.o(i.PWM_EnableDutyInt), (34 bytes).
    Removing pwm.o(i.PWM_EnableOutput), (8 bytes).
    Removing pwm.o(i.PWM_EnablePeriodInt), (32 bytes).
    Removing pwm.o(i.PWM_ForceStop), (40 bytes).
    Removing pwm.o(i.PWM_GetADCTriggerFlag), (22 bytes).
    Removing pwm.o(i.PWM_GetCaptureIntFlag), (48 bytes).
    Removing pwm.o(i.PWM_GetDutyIntFlag), (22 bytes).
    Removing pwm.o(i.PWM_GetPeriodIntFlag), (20 bytes).
    Removing pwm.o(i.PWM_Start), (40 bytes).
    Removing pwm.o(i.PWM_Stop), (36 bytes).
    Removing pwm.o(.constdata), (168 bytes).
    Removing retarget.o(.rev16_text), (4 bytes).
    Removing retarget.o(.revsh_text), (4 bytes).
    Removing retarget.o(i.GetChar), (28 bytes).
    Removing retarget.o(i.IsDebugFifoEmpty), (20 bytes).
    Removing retarget.o(i.SendChar), (12 bytes).
    Removing retarget.o(i.SendChar_ToUART), (48 bytes).
    Removing retarget.o(i._ttywrch), (12 bytes).
    Removing retarget.o(i.ferror), (8 bytes).
    Removing retarget.o(i.fgetc), (10 bytes).
    Removing retarget.o(i.fputc), (16 bytes).
    Removing retarget.o(i.kbhit), (20 bytes).
    Removing retarget.o(.data), (8 bytes).
    Removing spi.o(.rev16_text), (4 bytes).
    Removing spi.o(.revsh_text), (4 bytes).
    Removing spi.o(i.CLK_GetPLLClockFreq), (124 bytes).
    Removing spi.o(i.SPI_ClearIntFlag), (88 bytes).
    Removing spi.o(i.SPI_ClearRxFIFO), (10 bytes).
    Removing spi.o(i.SPI_ClearTxFIFO), (10 bytes).
    Removing spi.o(i.SPI_Close), (108 bytes).
    Removing spi.o(i.SPI_DisableAutoSS), (10 bytes).
    Removing spi.o(i.SPI_DisableFIFO), (12 bytes).
    Removing spi.o(i.SPI_DisableInt), (138 bytes).
    Removing spi.o(i.SPI_EnableAutoSS), (22 bytes).
    Removing spi.o(i.SPI_EnableFIFO), (32 bytes).
    Removing spi.o(i.SPI_EnableInt), (138 bytes).
    Removing spi.o(i.SPI_GetBusClock), (188 bytes).
    Removing spi.o(i.SPI_GetIntFlag), (156 bytes).
    Removing spi.o(i.SPI_GetStatus), (140 bytes).
    Removing spi.o(i.SPI_Open), (496 bytes).
    Removing spi.o(i.SPI_SetBusClock), (396 bytes).
    Removing sys.o(.rev16_text), (4 bytes).
    Removing sys.o(.revsh_text), (4 bytes).
    Removing sys.o(i.SYS_ClearResetSrc), (16 bytes).
    Removing sys.o(i.SYS_DisableBOD), (18 bytes).
    Removing sys.o(i.SYS_EnableBOD), (50 bytes).
    Removing sys.o(i.SYS_GetBODStatus), (14 bytes).
    Removing sys.o(i.SYS_GetResetSrc), (8 bytes).
    Removing sys.o(i.SYS_IsRegLocked), (20 bytes).
    Removing sys.o(i.SYS_ReadPDID), (8 bytes).
    Removing sys.o(i.SYS_ResetCPU), (18 bytes).
    Removing sys.o(i.SYS_ResetChip), (18 bytes).
    Removing timer.o(.rev16_text), (4 bytes).
    Removing timer.o(.revsh_text), (4 bytes).
    Removing timer.o(i.TIMER_Close), (8 bytes).
    Removing timer.o(i.TIMER_Delay), (268 bytes).
    Removing timer.o(i.TIMER_DisableCapture), (10 bytes).
    Removing timer.o(i.TIMER_DisableEventCounter), (12 bytes).
    Removing timer.o(i.TIMER_EnableCapture), (20 bytes).
    Removing timer.o(i.TIMER_EnableEventCounter), (22 bytes).
    Removing uart.o(.rev16_text), (4 bytes).
    Removing uart.o(.revsh_text), (4 bytes).
    Removing uart.o(i.NVIC_DisableIRQ), (20 bytes).
    Removing uart.o(i.NVIC_EnableIRQ), (20 bytes).
    Removing uart.o(i.UART_ClearIntFlag), (80 bytes).
    Removing uart.o(i.UART_Close), (6 bytes).
    Removing uart.o(i.UART_DisableFlowCtrl), (12 bytes).
    Removing uart.o(i.UART_DisableInt), (40 bytes).
    Removing uart.o(i.UART_EnableFlowCtrl), (30 bytes).
    Removing uart.o(i.UART_EnableInt), (40 bytes).
    Removing uart.o(i.UART_Read), (52 bytes).
    Removing uart.o(i.UART_SelectIrDAMode), (140 bytes).
    Removing uart.o(i.UART_SelectLINMode), (26 bytes).
    Removing uart.o(i.UART_SelectRS485Mode), (32 bytes).
    Removing uart.o(i.UART_SetLine_Config), (148 bytes).
    Removing uart.o(i.UART_SetTimeoutCnt), (22 bytes).
    Removing uart.o(i.UART_Write), (52 bytes).
    Removing wdt.o(.rev16_text), (4 bytes).
    Removing wdt.o(.revsh_text), (4 bytes).
    Removing wdt.o(i.WDT_Open), (28 bytes).
    Removing wwdt.o(.rev16_text), (4 bytes).
    Removing wwdt.o(.revsh_text), (4 bytes).
    Removing wwdt.o(i.WWDT_Open), (32 bytes).
    Removing startup_m051series.o(HEAP), (0 bytes).
    Removing system_m051series.o(.rev16_text), (4 bytes).
    Removing system_m051series.o(.revsh_text), (4 bytes).
    Removing realyctrl.o(.rev16_text), (4 bytes).
    Removing realyctrl.o(.revsh_text), (4 bytes).

203 unused section(s) (total 8270 bytes) removed from the image.

==============================================================================

Image Symbol Table

    Local Symbols

    Symbol Name                              Value     Ov Type        Size  Object(Section)

    RESET                                    0x00000000   Section      192  startup_m051series.o(RESET)
    ../../microlib/division.c                0x00000000   Number         0  uidiv.o ABSOLUTE
    ../../microlib/init/entry.s              0x00000000   Number         0  entry2.o ABSOLUTE
    ../../microlib/init/entry.s              0x00000000   Number         0  entry7.o ABSOLUTE
    ../../microlib/init/entry.s              0x00000000   Number         0  entry5.o ABSOLUTE
    ../../microlib/init/entry.s              0x00000000   Number         0  entry.o ABSOLUTE
    ../../microlib/printf/stubs.s            0x00000000   Number         0  stubs.o ABSOLUTE
    ../../microlib/string/memcpy.c           0x00000000   Number         0  memcpyb.o ABSOLUTE
    ../../microlib/string/memcpy.c           0x00000000   Number         0  memcpya.o ABSOLUTE
    ..\\chip_lib\\Device\\Nuvoton\\M051Series\\Source\\system_M051Series.c 0x00000000   Number         0  system_m051series.o ABSOLUTE
    ..\\chip_lib\\StdDriver\\src\\acmp.c     0x00000000   Number         0  acmp.o ABSOLUTE
    ..\\chip_lib\\StdDriver\\src\\adc.c      0x00000000   Number         0  adc.o ABSOLUTE
    ..\\chip_lib\\StdDriver\\src\\clk.c      0x00000000   Number         0  clk.o ABSOLUTE
    ..\\chip_lib\\StdDriver\\src\\ebi.c      0x00000000   Number         0  ebi.o ABSOLUTE
    ..\\chip_lib\\StdDriver\\src\\fmc.c      0x00000000   Number         0  fmc.o ABSOLUTE
    ..\\chip_lib\\StdDriver\\src\\gpio.c     0x00000000   Number         0  gpio.o ABSOLUTE
    ..\\chip_lib\\StdDriver\\src\\i2c.c      0x00000000   Number         0  i2c.o ABSOLUTE
    ..\\chip_lib\\StdDriver\\src\\pwm.c      0x00000000   Number         0  pwm.o ABSOLUTE
    ..\\chip_lib\\StdDriver\\src\\retarget.c 0x00000000   Number         0  retarget.o ABSOLUTE
    ..\\chip_lib\\StdDriver\\src\\spi.c      0x00000000   Number         0  spi.o ABSOLUTE
    ..\\chip_lib\\StdDriver\\src\\sys.c      0x00000000   Number         0  sys.o ABSOLUTE
    ..\\chip_lib\\StdDriver\\src\\timer.c    0x00000000   Number         0  timer.o ABSOLUTE
    ..\\chip_lib\\StdDriver\\src\\uart.c     0x00000000   Number         0  uart.o ABSOLUTE
    ..\\chip_lib\\StdDriver\\src\\wdt.c      0x00000000   Number         0  wdt.o ABSOLUTE
    ..\\chip_lib\\StdDriver\\src\\wwdt.c     0x00000000   Number         0  wwdt.o ABSOLUTE
    ..\\freemodbus-v1.6.0\\modbus\\functions\\btfunc.c 0x00000000   Number         0  btfunc.o ABSOLUTE
    ..\\freemodbus-v1.6.0\\modbus\\functions\\mbfuncother.c 0x00000000   Number         0  mbfuncother.o ABSOLUTE
    ..\\freemodbus-v1.6.0\\modbus\\functions\\mbutils.c 0x00000000   Number         0  mbutils.o ABSOLUTE
    ..\\freemodbus-v1.6.0\\modbus\\rtu\\mbrtu.c 0x00000000   Number         0  mbrtu.o ABSOLUTE
    ..\\freemodbus-v1.6.0\\port\\portserial.c 0x00000000   Number         0  portserial.o ABSOLUTE
    ..\\freemodbus-v1.6.0\\port\\porttimer.c 0x00000000   Number         0  porttimer.o ABSOLUTE
    ..\\user\\src\\main.c                    0x00000000   Number         0  main.o ABSOLUTE
    ..\\user\\src\\realyctrl.c               0x00000000   Number         0  realyctrl.o ABSOLUTE
    ..\chip_lib\Device\Nuvoton\M051Series\Source\ARM\startup_M051Series.s 0x00000000   Number         0  startup_m051series.o ABSOLUTE
    ..\chip_lib\Device\Nuvoton\M051Series\Source\system_M051Series.c 0x00000000   Number         0  system_m051series.o ABSOLUTE
    ..\chip_lib\StdDriver\src\acmp.c         0x00000000   Number         0  acmp.o ABSOLUTE
    ..\chip_lib\StdDriver\src\adc.c          0x00000000   Number         0  adc.o ABSOLUTE
    ..\chip_lib\StdDriver\src\clk.c          0x00000000   Number         0  clk.o ABSOLUTE
    ..\chip_lib\StdDriver\src\ebi.c          0x00000000   Number         0  ebi.o ABSOLUTE
    ..\chip_lib\StdDriver\src\fmc.c          0x00000000   Number         0  fmc.o ABSOLUTE
    ..\chip_lib\StdDriver\src\gpio.c         0x00000000   Number         0  gpio.o ABSOLUTE
    ..\chip_lib\StdDriver\src\i2c.c          0x00000000   Number         0  i2c.o ABSOLUTE
    ..\chip_lib\StdDriver\src\pwm.c          0x00000000   Number         0  pwm.o ABSOLUTE
    ..\chip_lib\StdDriver\src\retarget.c     0x00000000   Number         0  retarget.o ABSOLUTE
    ..\chip_lib\StdDriver\src\spi.c          0x00000000   Number         0  spi.o ABSOLUTE
    ..\chip_lib\StdDriver\src\sys.c          0x00000000   Number         0  sys.o ABSOLUTE
    ..\chip_lib\StdDriver\src\timer.c        0x00000000   Number         0  timer.o ABSOLUTE
    ..\chip_lib\StdDriver\src\uart.c         0x00000000   Number         0  uart.o ABSOLUTE
    ..\chip_lib\StdDriver\src\wdt.c          0x00000000   Number         0  wdt.o ABSOLUTE
    ..\chip_lib\StdDriver\src\wwdt.c         0x00000000   Number         0  wwdt.o ABSOLUTE
    ..\freemodbus-v1.6.0\modbus\functions\btfunc.c 0x00000000   Number         0  btfunc.o ABSOLUTE
    ..\freemodbus-v1.6.0\modbus\functions\mbfunccoils.c 0x00000000   Number         0  mbfunccoils.o ABSOLUTE
    ..\freemodbus-v1.6.0\modbus\functions\mbfuncdiag.c 0x00000000   Number         0  mbfuncdiag.o ABSOLUTE
    ..\freemodbus-v1.6.0\modbus\functions\mbfuncdisc.c 0x00000000   Number         0  mbfuncdisc.o ABSOLUTE
    ..\freemodbus-v1.6.0\modbus\functions\mbfuncholding.c 0x00000000   Number         0  mbfuncholding.o ABSOLUTE
    ..\freemodbus-v1.6.0\modbus\functions\mbfuncinput.c 0x00000000   Number         0  mbfuncinput.o ABSOLUTE
    ..\freemodbus-v1.6.0\modbus\functions\mbfuncother.c 0x00000000   Number         0  mbfuncother.o ABSOLUTE
    ..\freemodbus-v1.6.0\modbus\functions\mbutils.c 0x00000000   Number         0  mbutils.o ABSOLUTE
    ..\freemodbus-v1.6.0\modbus\mb.c         0x00000000   Number         0  mb.o ABSOLUTE
    ..\freemodbus-v1.6.0\modbus\rtu\mbcrc.c  0x00000000   Number         0  mbcrc.o ABSOLUTE
    ..\freemodbus-v1.6.0\modbus\rtu\mbrtu.c  0x00000000   Number         0  mbrtu.o ABSOLUTE
    ..\freemodbus-v1.6.0\modbus\tcp\mbtcp.c  0x00000000   Number         0  mbtcp.o ABSOLUTE
    ..\freemodbus-v1.6.0\port\port.c         0x00000000   Number         0  port.o ABSOLUTE
    ..\freemodbus-v1.6.0\port\portevent.c    0x00000000   Number         0  portevent.o ABSOLUTE
    ..\freemodbus-v1.6.0\port\portserial.c   0x00000000   Number         0  portserial.o ABSOLUTE
    ..\freemodbus-v1.6.0\port\porttimer.c    0x00000000   Number         0  porttimer.o ABSOLUTE
    ..\freemodbus-v1.6.0\port\user_mb_app.c  0x00000000   Number         0  user_mb_app.o ABSOLUTE
    ..\user\src\main.c                       0x00000000   Number         0  main.o ABSOLUTE
    ..\user\src\realyctrl.c                  0x00000000   Number         0  realyctrl.o ABSOLUTE
    dc.s                                     0x00000000   Number         0  dc.o ABSOLUTE
    handlers.s                               0x00000000   Number         0  handlers.o ABSOLUTE
    init.s                                   0x00000000   Number         0  init.o ABSOLUTE
    .ARM.Collect$$$$00000000                 0x000000c0   Section        0  entry.o(.ARM.Collect$$$$00000000)
    .ARM.Collect$$$$00000001                 0x000000c0   Section        4  entry2.o(.ARM.Collect$$$$00000001)
    .ARM.Collect$$$$00000004                 0x000000c4   Section        4  entry5.o(.ARM.Collect$$$$00000004)
    .ARM.Collect$$$$00000007                 0x000000c8   Section        8  entry7.o(.ARM.Collect$$$$00000007)
    .ARM.Collect$$$$00002712                 0x000000d0   Section        4  entry2.o(.ARM.Collect$$$$00002712)
    __lit__00000000                          0x000000d0   Data           4  entry2.o(.ARM.Collect$$$$00002712)
    .text                                    0x000000d4   Section       76  startup_m051series.o(.text)
    Default_Handler                          0x000000ff   Thumb Code     2  startup_m051series.o(.text)
    .text                                    0x00000120   Section        0  uidiv.o(.text)
    .text                                    0x0000014c   Section        0  memcpya.o(.text)
    .text                                    0x00000170   Section       36  init.o(.text)
    i.CLK_EnableModuleClock                  0x00000194   Section        0  clk.o(i.CLK_EnableModuleClock)
    i.CLK_GetPLLClockFreq                    0x000001b4   Section        0  uart.o(i.CLK_GetPLLClockFreq)
    CLK_GetPLLClockFreq                      0x000001b5   Thumb Code   106  uart.o(i.CLK_GetPLLClockFreq)
    i.CLK_GetPLLClockFreq                    0x00000230   Section        0  system_m051series.o(i.CLK_GetPLLClockFreq)
    CLK_GetPLLClockFreq                      0x00000231   Thumb Code   106  system_m051series.o(i.CLK_GetPLLClockFreq)
    i.CLK_SetModuleClock                     0x000002ac   Section        0  clk.o(i.CLK_SetModuleClock)
    i.CLK_WaitClockReady                     0x0000030c   Section        0  clk.o(i.CLK_WaitClockReady)
    i.EnterCriticalSection                   0x00000330   Section        0  port.o(i.EnterCriticalSection)
    i.ExitCriticalSection                    0x00000334   Section        0  port.o(i.ExitCriticalSection)
    i.GPIO_SetMode                           0x00000338   Section        0  gpio.o(i.GPIO_SetMode)
    i.GetHwAddrIint                          0x00000364   Section        0  realyctrl.o(i.GetHwAddrIint)
    i.HWRealyInit                            0x000003dc   Section        0  realyctrl.o(i.HWRealyInit)
    i.KeyPool                                0x0000040c   Section        0  realyctrl.o(i.KeyPool)
    i.NVIC_EnableIRQ                         0x00000430   Section        0  porttimer.o(i.NVIC_EnableIRQ)
    NVIC_EnableIRQ                           0x00000431   Thumb Code    14  porttimer.o(i.NVIC_EnableIRQ)
    i.NVIC_SetPriority                       0x00000444   Section        0  portserial.o(i.NVIC_SetPriority)
    NVIC_SetPriority                         0x00000445   Thumb Code   110  portserial.o(i.NVIC_SetPriority)
    i.NVIC_SetPriority                       0x000004bc   Section        0  porttimer.o(i.NVIC_SetPriority)
    NVIC_SetPriority                         0x000004bd   Thumb Code   110  porttimer.o(i.NVIC_SetPriority)
    i.RealyCtrl                              0x00000534   Section        0  realyctrl.o(i.RealyCtrl)
    i.RealyPoll                              0x00000600   Section        0  realyctrl.o(i.RealyPoll)
    i.SYS_Init                               0x0000066c   Section        0  main.o(i.SYS_Init)
    i.SYS_ResetModule                        0x000006d4   Section        0  sys.o(i.SYS_ResetModule)
    i.SystemCoreClockUpdate                  0x00000708   Section        0  system_m051series.o(i.SystemCoreClockUpdate)
    i.SystemInit                             0x0000076c   Section        0  system_m051series.o(i.SystemInit)
    i.TIMER_EnableInt                        0x0000076e   Section        0  porttimer.o(i.TIMER_EnableInt)
    TIMER_EnableInt                          0x0000076f   Thumb Code    12  porttimer.o(i.TIMER_EnableInt)
    i.TIMER_GetModuleClock                   0x0000077c   Section        0  timer.o(i.TIMER_GetModuleClock)
    i.TIMER_Open                             0x00000800   Section        0  timer.o(i.TIMER_Open)
    i.TIMER_Start                            0x00000876   Section        0  porttimer.o(i.TIMER_Start)
    TIMER_Start                              0x00000877   Thumb Code    12  porttimer.o(i.TIMER_Start)
    i.TMR1_IRQHandler                        0x00000884   Section        0  porttimer.o(i.TMR1_IRQHandler)
    i.UART0_IRQHandler                       0x000008e0   Section        0  portserial.o(i.UART0_IRQHandler)
    i.UART_Open                              0x0000090c   Section        0  uart.o(i.UART_Open)
    i.__ARM_common_switch8                   0x000009a0   Section        0  mb.o(i.__ARM_common_switch8)
    i.__scatterload_copy                     0x000009ba   Section       14  handlers.o(i.__scatterload_copy)
    i.__scatterload_null                     0x000009c8   Section        2  handlers.o(i.__scatterload_null)
    i.__scatterload_zeroinit                 0x000009ca   Section       14  handlers.o(i.__scatterload_zeroinit)
    i.crc_ccitt                              0x000009d8   Section        0  mbcrc.o(i.crc_ccitt)
    i.eBTFuncReadHoldingRegister             0x00000a04   Section        0  btfunc.o(i.eBTFuncReadHoldingRegister)
    i.eMBEnable                              0x00000a98   Section        0  mb.o(i.eMBEnable)
    i.eMBFuncReadCoils                       0x00000ac0   Section        0  mbfunccoils.o(i.eMBFuncReadCoils)
    i.eMBFuncReadDiscreteInputs              0x00000b78   Section        0  mbfuncdisc.o(i.eMBFuncReadDiscreteInputs)
    i.eMBFuncReadHoldingRegister             0x00000c2e   Section        0  mbfuncholding.o(i.eMBFuncReadHoldingRegister)
    i.eMBFuncReadInputRegister               0x00000cb8   Section        0  mbfuncinput.o(i.eMBFuncReadInputRegister)
    i.eMBFuncReadWriteMultipleHoldingRegister 0x00000d42   Section        0  mbfuncholding.o(i.eMBFuncReadWriteMultipleHoldingRegister)
    i.eMBFuncReportSlaveID                   0x00000e24   Section        0  mbfuncother.o(i.eMBFuncReportSlaveID)
    i.eMBFuncWriteCoil                       0x00000e4c   Section        0  mbfunccoils.o(i.eMBFuncWriteCoil)
    i.eMBFuncWriteHoldingRegister            0x00000ebc   Section        0  mbfuncholding.o(i.eMBFuncWriteHoldingRegister)
    i.eMBFuncWriteMultipleCoils              0x00000efc   Section        0  mbfunccoils.o(i.eMBFuncWriteMultipleCoils)
    i.eMBFuncWriteMultipleHoldingRegister    0x00000f94   Section        0  mbfuncholding.o(i.eMBFuncWriteMultipleHoldingRegister)
    i.eMBInit                                0x00001000   Section        0  mb.o(i.eMBInit)
    i.eMBPoll                                0x000010e0   Section        0  mb.o(i.eMBPoll)
    i.eMBRTUInit                             0x000012d0   Section        0  mbrtu.o(i.eMBRTUInit)
    i.eMBRTUReceive                          0x00001328   Section        0  mbrtu.o(i.eMBRTUReceive)
    i.eMBRTUSend                             0x00001394   Section        0  mbrtu.o(i.eMBRTUSend)
    i.eMBRTUStart                            0x00001420   Section        0  mbrtu.o(i.eMBRTUStart)
    i.eMBRTUStop                             0x00001444   Section        0  mbrtu.o(i.eMBRTUStop)
    i.eMBRegCoilsCB                          0x0000145c   Section        0  user_mb_app.o(i.eMBRegCoilsCB)
    i.eMBRegDiscreteCB                       0x000015b8   Section        0  user_mb_app.o(i.eMBRegDiscreteCB)
    i.eMBRegHoldingCB                        0x00001708   Section        0  user_mb_app.o(i.eMBRegHoldingCB)
    i.eMBRegInputCB                          0x000017cc   Section        0  user_mb_app.o(i.eMBRegInputCB)
    i.main                                   0x00001878   Section        0  main.o(i.main)
    i.peBTFrameSendCur                       0x000018e0   Section        0  mbrtu.o(i.peBTFrameSendCur)
    i.prveMBError2Exception                  0x000019b4   Section        0  mbutils.o(i.prveMBError2Exception)
    i.prvvTIMERExpiredISR                    0x000019d8   Section        0  porttimer.o(i.prvvTIMERExpiredISR)
    prvvTIMERExpiredISR                      0x000019d9   Thumb Code    10  porttimer.o(i.prvvTIMERExpiredISR)
    i.prvvUARTRxISR                          0x000019e8   Section        0  portserial.o(i.prvvUARTRxISR)
    prvvUARTRxISR                            0x000019e9   Thumb Code    10  portserial.o(i.prvvUARTRxISR)
    i.prvvUARTTxReadyISR                     0x000019f8   Section        0  portserial.o(i.prvvUARTTxReadyISR)
    prvvUARTTxReadyISR                       0x000019f9   Thumb Code    10  portserial.o(i.prvvUARTTxReadyISR)
    i.ucMBMasterGetDestAddress               0x00001a08   Section        0  user_mb_app.o(i.ucMBMasterGetDestAddress)
    i.usMBCRC16                              0x00001a0c   Section        0  mbcrc.o(i.usMBCRC16)
    i.vMBPortSerialEnable                    0x00001a44   Section        0  portserial.o(i.vMBPortSerialEnable)
    i.vMBPortTimersDisable                   0x00001a88   Section        0  porttimer.o(i.vMBPortTimersDisable)
    i.vMBPortTimersEnable                    0x00001ab4   Section        0  porttimer.o(i.vMBPortTimersEnable)
    i.xMBMasterGetCBRunInMasterMode          0x00001ae4   Section        0  user_mb_app.o(i.xMBMasterGetCBRunInMasterMode)
    i.xMBPortEventGet                        0x00001ae8   Section        0  portevent.o(i.xMBPortEventGet)
    i.xMBPortEventInit                       0x00001b0c   Section        0  portevent.o(i.xMBPortEventInit)
    i.xMBPortEventPost                       0x00001b1c   Section        0  portevent.o(i.xMBPortEventPost)
    i.xMBPortSerialGetByte                   0x00001b34   Section        0  portserial.o(i.xMBPortSerialGetByte)
    i.xMBPortSerialInit                      0x00001b44   Section        0  portserial.o(i.xMBPortSerialInit)
    i.xMBPortSerialPutByte                   0x00001bac   Section        0  portserial.o(i.xMBPortSerialPutByte)
    i.xMBPortTimersInit                      0x00001bbc   Section        0  porttimer.o(i.xMBPortTimersInit)
    i.xMBRTUReceiveFSM                       0x00001bfc   Section        0  mbrtu.o(i.xMBRTUReceiveFSM)
    i.xMBRTUTimerT35Expired                  0x00001c88   Section        0  mbrtu.o(i.xMBRTUTimerT35Expired)
    i.xMBRTUTransmitFSM                      0x00001ccc   Section        0  mbrtu.o(i.xMBRTUTransmitFSM)
    i.xMBUtilGetBits                         0x00001d3c   Section        0  mbutils.o(i.xMBUtilGetBits)
    i.xMBUtilSetBits                         0x00001d6e   Section        0  mbutils.o(i.xMBUtilSetBits)
    .constdata                               0x00001dc0   Section     1024  mbcrc.o(.constdata)
    aucCRCHi                                 0x00001dc0   Data         256  mbcrc.o(.constdata)
    aucCRCLo                                 0x00001ec0   Data         256  mbcrc.o(.constdata)
    ccitt_table                              0x00001fc0   Data         512  mbcrc.o(.constdata)
    .constdata                               0x000021c0   Section       32  timer.o(.constdata)
    .constdata                               0x000021e0   Section       48  uart.o(.constdata)
    .constdata                               0x00002210   Section       32  system_m051series.o(.constdata)
    .data                                    0x20000000   Section        1  main.o(.data)
    .data                                    0x20000001   Section        2  portevent.o(.data)
    eQueuedEvent                             0x20000001   Data           1  portevent.o(.data)
    xEventInQueue                            0x20000002   Data           1  portevent.o(.data)
    .data                                    0x20000004   Section       10  porttimer.o(.data)
    MBTimerout50us                           0x2000000c   Data           2  porttimer.o(.data)
    .data                                    0x20000010   Section       34  user_mb_app.o(.data)
    .data                                    0x20000034   Section       12  mbrtu.o(.data)
    eSndState                                0x20000034   Data           1  mbrtu.o(.data)
    eRcvState                                0x20000035   Data           1  mbrtu.o(.data)
    pucSndBufferCur                          0x20000038   Data           4  mbrtu.o(.data)
    usSndBufferCount                         0x2000003c   Data           2  mbrtu.o(.data)
    usRcvBufferPos                           0x2000003e   Data           2  mbrtu.o(.data)
    .data                                    0x20000040   Section        2  mbfuncother.o(.data)
    usMBSlaveIDLen                           0x20000040   Data           2  mbfuncother.o(.data)
    .data                                    0x20000044   Section      184  mb.o(.data)
    eMBState                                 0x20000044   Data           1  mb.o(.data)
    xFuncHandlers                            0x20000048   Data         128  mb.o(.data)
    ucMBFrame                                0x200000c8   Data           4  mb.o(.data)
    ucRcvAddress                             0x200000cc   Data           1  mb.o(.data)
    ucFunctionCode                           0x200000cd   Data           1  mb.o(.data)
    usLength                                 0x200000ce   Data           2  mb.o(.data)
    eException                               0x200000d0   Data           1  mb.o(.data)
    ucMBAddress                              0x200000d1   Data           1  mb.o(.data)
    eMBCurrentMode                           0x200000d2   Data           1  mb.o(.data)
    peMBFrameSendCur                         0x200000d4   Data           4  mb.o(.data)
    pvMBFrameStartCur                        0x200000d8   Data           4  mb.o(.data)
    pvMBFrameStopCur                         0x200000dc   Data           4  mb.o(.data)
    peMBFrameReceiveCur                      0x200000e0   Data           4  mb.o(.data)
    pvMBFrameCloseCur                        0x200000e4   Data           4  mb.o(.data)
    .data                                    0x200000fc   Section       12  system_m051series.o(.data)
    .data                                    0x20000108   Section       16  realyctrl.o(.data)
    .bss                                     0x20000118   Section      608  user_mb_app.o(.bss)
    .bss                                     0x20000378   Section      256  mbrtu.o(.bss)
    .bss                                     0x20000478   Section       32  mbfuncother.o(.bss)
    ucMBSlaveID                              0x20000478   Data          32  mbfuncother.o(.bss)
    STACK                                    0x20000498   Section      512  startup_m051series.o(STACK)

    Global Symbols

    Symbol Name                              Value     Ov Type        Size  Object(Section)

    BuildAttributes$$THM_ISAv3M$S$PE$A:L22$X:L11$S22$IEEE1$IW$USESV6$~STKCKD$USESV7$~SHL$OSPACE$EBA8$MICROLIB$REQ8$PRES8$EABIv2 0x00000000   Number         0  anon$$obj.o ABSOLUTE
    __ARM_use_no_argv                        0x00000000   Number         0  main.o ABSOLUTE
    __Vectors                                0x00000000   Data           4  startup_m051series.o(RESET)
    _printf_a                                0x00000000   Number         0  stubs.o ABSOLUTE
    _printf_c                                0x00000000   Number         0  stubs.o ABSOLUTE
    _printf_charcount                        0x00000000   Number         0  stubs.o ABSOLUTE
    _printf_d                                0x00000000   Number         0  stubs.o ABSOLUTE
    _printf_e                                0x00000000   Number         0  stubs.o ABSOLUTE
    _printf_f                                0x00000000   Number         0  stubs.o ABSOLUTE
    _printf_flags                            0x00000000   Number         0  stubs.o ABSOLUTE
    _printf_fp_dec                           0x00000000   Number         0  stubs.o ABSOLUTE
    _printf_fp_hex                           0x00000000   Number         0  stubs.o ABSOLUTE
    _printf_g                                0x00000000   Number         0  stubs.o ABSOLUTE
    _printf_i                                0x00000000   Number         0  stubs.o ABSOLUTE
    _printf_int_dec                          0x00000000   Number         0  stubs.o ABSOLUTE
    _printf_l                                0x00000000   Number         0  stubs.o ABSOLUTE
    _printf_lc                               0x00000000   Number         0  stubs.o ABSOLUTE
    _printf_ll                               0x00000000   Number         0  stubs.o ABSOLUTE
    _printf_lld                              0x00000000   Number         0  stubs.o ABSOLUTE
    _printf_lli                              0x00000000   Number         0  stubs.o ABSOLUTE
    _printf_llo                              0x00000000   Number         0  stubs.o ABSOLUTE
    _printf_llu                              0x00000000   Number         0  stubs.o ABSOLUTE
    _printf_llx                              0x00000000   Number         0  stubs.o ABSOLUTE
    _printf_longlong_dec                     0x00000000   Number         0  stubs.o ABSOLUTE
    _printf_longlong_hex                     0x00000000   Number         0  stubs.o ABSOLUTE
    _printf_longlong_oct                     0x00000000   Number         0  stubs.o ABSOLUTE
    _printf_ls                               0x00000000   Number         0  stubs.o ABSOLUTE
    _printf_mbtowc                           0x00000000   Number         0  stubs.o ABSOLUTE
    _printf_n                                0x00000000   Number         0  stubs.o ABSOLUTE
    _printf_o                                0x00000000   Number         0  stubs.o ABSOLUTE
    _printf_p                                0x00000000   Number         0  stubs.o ABSOLUTE
    _printf_percent                          0x00000000   Number         0  stubs.o ABSOLUTE
    _printf_pre_padding                      0x00000000   Number         0  stubs.o ABSOLUTE
    _printf_return_value                     0x00000000   Number         0  stubs.o ABSOLUTE
    _printf_s                                0x00000000   Number         0  stubs.o ABSOLUTE
    _printf_sizespec                         0x00000000   Number         0  stubs.o ABSOLUTE
    _printf_str                              0x00000000   Number         0  stubs.o ABSOLUTE
    _printf_truncate_signed                  0x00000000   Number         0  stubs.o ABSOLUTE
    _printf_truncate_unsigned                0x00000000   Number         0  stubs.o ABSOLUTE
    _printf_u                                0x00000000   Number         0  stubs.o ABSOLUTE
    _printf_wc                               0x00000000   Number         0  stubs.o ABSOLUTE
    _printf_wctomb                           0x00000000   Number         0  stubs.o ABSOLUTE
    _printf_widthprec                        0x00000000   Number         0  stubs.o ABSOLUTE
    _printf_x                                0x00000000   Number         0  stubs.o ABSOLUTE
    __decompress                              - Undefined Weak Reference
    __main                                   0x000000c1   Thumb Code     0  entry.o(.ARM.Collect$$$$00000000)
    _main_stk                                0x000000c1   Thumb Code     0  entry2.o(.ARM.Collect$$$$00000001)
    _main_scatterload                        0x000000c5   Thumb Code     0  entry5.o(.ARM.Collect$$$$00000004)
    __main_after_scatterload                 0x000000c9   Thumb Code     0  entry5.o(.ARM.Collect$$$$00000004)
    _main_init                               0x000000c9   Thumb Code     0  entry7.o(.ARM.Collect$$$$00000007)
    Reset_Handler                            0x000000d5   Thumb Code    32  startup_m051series.o(.text)
    NMI_Handler                              0x000000f5   Thumb Code     2  startup_m051series.o(.text)
    HardFault_Handler                        0x000000f7   Thumb Code     2  startup_m051series.o(.text)
    SVC_Handler                              0x000000f9   Thumb Code     2  startup_m051series.o(.text)
    PendSV_Handler                           0x000000fb   Thumb Code     2  startup_m051series.o(.text)
    SysTick_Handler                          0x000000fd   Thumb Code     2  startup_m051series.o(.text)
    ACMP01_IRQHandler                        0x000000ff   Thumb Code     0  startup_m051series.o(.text)
    ACMP23_IRQHandler                        0x000000ff   Thumb Code     0  startup_m051series.o(.text)
    ADC_IRQHandler                           0x000000ff   Thumb Code     0  startup_m051series.o(.text)
    BOD_IRQHandler                           0x000000ff   Thumb Code     0  startup_m051series.o(.text)
    EINT0_IRQHandler                         0x000000ff   Thumb Code     0  startup_m051series.o(.text)
    EINT1_IRQHandler                         0x000000ff   Thumb Code     0  startup_m051series.o(.text)
    GPIOP0P1_IRQHandler                      0x000000ff   Thumb Code     0  startup_m051series.o(.text)
    GPIOP2P3P4_IRQHandler                    0x000000ff   Thumb Code     0  startup_m051series.o(.text)
    I2C0_IRQHandler                          0x000000ff   Thumb Code     0  startup_m051series.o(.text)
    I2C1_IRQHandler                          0x000000ff   Thumb Code     0  startup_m051series.o(.text)
    PWMA_IRQHandler                          0x000000ff   Thumb Code     0  startup_m051series.o(.text)
    PWMB_IRQHandler                          0x000000ff   Thumb Code     0  startup_m051series.o(.text)
    PWRWU_IRQHandler                         0x000000ff   Thumb Code     0  startup_m051series.o(.text)
    RTC_IRQHandler                           0x000000ff   Thumb Code     0  startup_m051series.o(.text)
    SPI0_IRQHandler                          0x000000ff   Thumb Code     0  startup_m051series.o(.text)
    SPI1_IRQHandler                          0x000000ff   Thumb Code     0  startup_m051series.o(.text)
    TMR0_IRQHandler                          0x000000ff   Thumb Code     0  startup_m051series.o(.text)
    TMR2_IRQHandler                          0x000000ff   Thumb Code     0  startup_m051series.o(.text)
    TMR3_IRQHandler                          0x000000ff   Thumb Code     0  startup_m051series.o(.text)
    UART1_IRQHandler                         0x000000ff   Thumb Code     0  startup_m051series.o(.text)
    WDT_IRQHandler                           0x000000ff   Thumb Code     0  startup_m051series.o(.text)
    __aeabi_uidiv                            0x00000121   Thumb Code     0  uidiv.o(.text)
    __aeabi_uidivmod                         0x00000121   Thumb Code    44  uidiv.o(.text)
    __aeabi_memcpy                           0x0000014d   Thumb Code    36  memcpya.o(.text)
    __aeabi_memcpy4                          0x0000014d   Thumb Code     0  memcpya.o(.text)
    __aeabi_memcpy8                          0x0000014d   Thumb Code     0  memcpya.o(.text)
    __scatterload                            0x00000171   Thumb Code    28  init.o(.text)
    __scatterload_rt2                        0x00000171   Thumb Code     0  init.o(.text)
    CLK_EnableModuleClock                    0x00000195   Thumb Code    28  clk.o(i.CLK_EnableModuleClock)
    CLK_SetModuleClock                       0x000002ad   Thumb Code    90  clk.o(i.CLK_SetModuleClock)
    CLK_WaitClockReady                       0x0000030d   Thumb Code    28  clk.o(i.CLK_WaitClockReady)
    EnterCriticalSection                     0x00000331   Thumb Code     4  port.o(i.EnterCriticalSection)
    ExitCriticalSection                      0x00000335   Thumb Code     4  port.o(i.ExitCriticalSection)
    GPIO_SetMode                             0x00000339   Thumb Code    44  gpio.o(i.GPIO_SetMode)
    GetHwAddrIint                            0x00000365   Thumb Code   112  realyctrl.o(i.GetHwAddrIint)
    HWRealyInit                              0x000003dd   Thumb Code    38  realyctrl.o(i.HWRealyInit)
    KeyPool                                  0x0000040d   Thumb Code    28  realyctrl.o(i.KeyPool)
    RealyCtrl                                0x00000535   Thumb Code   198  realyctrl.o(i.RealyCtrl)
    RealyPoll                                0x00000601   Thumb Code    94  realyctrl.o(i.RealyPoll)
    SYS_Init                                 0x0000066d   Thumb Code    88  main.o(i.SYS_Init)
    SYS_ResetModule                          0x000006d5   Thumb Code    46  sys.o(i.SYS_ResetModule)
    SystemCoreClockUpdate                    0x00000709   Thumb Code    76  system_m051series.o(i.SystemCoreClockUpdate)
    SystemInit                               0x0000076d   Thumb Code     2  system_m051series.o(i.SystemInit)
    TIMER_GetModuleClock                     0x0000077d   Thumb Code   110  timer.o(i.TIMER_GetModuleClock)
    TIMER_Open                               0x00000801   Thumb Code   118  timer.o(i.TIMER_Open)
    TMR1_IRQHandler                          0x00000885   Thumb Code    74  porttimer.o(i.TMR1_IRQHandler)
    UART0_IRQHandler                         0x000008e1   Thumb Code    38  portserial.o(i.UART0_IRQHandler)
    UART_Open                                0x0000090d   Thumb Code   130  uart.o(i.UART_Open)
    __ARM_common_switch8                     0x000009a1   Thumb Code    26  mb.o(i.__ARM_common_switch8)
    __scatterload_copy                       0x000009bb   Thumb Code    14  handlers.o(i.__scatterload_copy)
    __scatterload_null                       0x000009c9   Thumb Code     2  handlers.o(i.__scatterload_null)
    __scatterload_zeroinit                   0x000009cb   Thumb Code    14  handlers.o(i.__scatterload_zeroinit)
    crc_ccitt                                0x000009d9   Thumb Code    40  mbcrc.o(i.crc_ccitt)
    eBTFuncReadHoldingRegister               0x00000a05   Thumb Code   148  btfunc.o(i.eBTFuncReadHoldingRegister)
    eMBEnable                                0x00000a99   Thumb Code    32  mb.o(i.eMBEnable)
    eMBFuncReadCoils                         0x00000ac1   Thumb Code   184  mbfunccoils.o(i.eMBFuncReadCoils)
    eMBFuncReadDiscreteInputs                0x00000b79   Thumb Code   182  mbfuncdisc.o(i.eMBFuncReadDiscreteInputs)
    eMBFuncReadHoldingRegister               0x00000c2f   Thumb Code   138  mbfuncholding.o(i.eMBFuncReadHoldingRegister)
    eMBFuncReadInputRegister                 0x00000cb9   Thumb Code   138  mbfuncinput.o(i.eMBFuncReadInputRegister)
    eMBFuncReadWriteMultipleHoldingRegister  0x00000d43   Thumb Code   224  mbfuncholding.o(i.eMBFuncReadWriteMultipleHoldingRegister)
    eMBFuncReportSlaveID                     0x00000e25   Thumb Code    30  mbfuncother.o(i.eMBFuncReportSlaveID)
    eMBFuncWriteCoil                         0x00000e4d   Thumb Code   112  mbfunccoils.o(i.eMBFuncWriteCoil)
    eMBFuncWriteHoldingRegister              0x00000ebd   Thumb Code    64  mbfuncholding.o(i.eMBFuncWriteHoldingRegister)
    eMBFuncWriteMultipleCoils                0x00000efd   Thumb Code   152  mbfunccoils.o(i.eMBFuncWriteMultipleCoils)
    eMBFuncWriteMultipleHoldingRegister      0x00000f95   Thumb Code   108  mbfuncholding.o(i.eMBFuncWriteMultipleHoldingRegister)
    eMBInit                                  0x00001001   Thumb Code   152  mb.o(i.eMBInit)
    eMBPoll                                  0x000010e1   Thumb Code   454  mb.o(i.eMBPoll)
    eMBRTUInit                               0x000012d1   Thumb Code    82  mbrtu.o(i.eMBRTUInit)
    eMBRTUReceive                            0x00001329   Thumb Code    98  mbrtu.o(i.eMBRTUReceive)
    eMBRTUSend                               0x00001395   Thumb Code   120  mbrtu.o(i.eMBRTUSend)
    eMBRTUStart                              0x00001421   Thumb Code    30  mbrtu.o(i.eMBRTUStart)
    eMBRTUStop                               0x00001445   Thumb Code    24  mbrtu.o(i.eMBRTUStop)
    eMBRegCoilsCB                            0x0000145d   Thumb Code   330  user_mb_app.o(i.eMBRegCoilsCB)
    eMBRegDiscreteCB                         0x000015b9   Thumb Code   318  user_mb_app.o(i.eMBRegDiscreteCB)
    eMBRegHoldingCB                          0x00001709   Thumb Code   178  user_mb_app.o(i.eMBRegHoldingCB)
    eMBRegInputCB                            0x000017cd   Thumb Code   154  user_mb_app.o(i.eMBRegInputCB)
    main                                     0x00001879   Thumb Code    96  main.o(i.main)
    peBTFrameSendCur                         0x000018e1   Thumb Code   190  mbrtu.o(i.peBTFrameSendCur)
    prveMBError2Exception                    0x000019b5   Thumb Code    36  mbutils.o(i.prveMBError2Exception)
    ucMBMasterGetDestAddress                 0x00001a09   Thumb Code     4  user_mb_app.o(i.ucMBMasterGetDestAddress)
    usMBCRC16                                0x00001a0d   Thumb Code    46  mbcrc.o(i.usMBCRC16)
    vMBPortSerialEnable                      0x00001a45   Thumb Code    62  portserial.o(i.vMBPortSerialEnable)
    vMBPortTimersDisable                     0x00001a89   Thumb Code    30  porttimer.o(i.vMBPortTimersDisable)
    vMBPortTimersEnable                      0x00001ab5   Thumb Code    34  porttimer.o(i.vMBPortTimersEnable)
    xMBMasterGetCBRunInMasterMode            0x00001ae5   Thumb Code     4  user_mb_app.o(i.xMBMasterGetCBRunInMasterMode)
    xMBPortEventGet                          0x00001ae9   Thumb Code    28  portevent.o(i.xMBPortEventGet)
    xMBPortEventInit                         0x00001b0d   Thumb Code    10  portevent.o(i.xMBPortEventInit)
    xMBPortEventPost                         0x00001b1d   Thumb Code    16  portevent.o(i.xMBPortEventPost)
    xMBPortSerialGetByte                     0x00001b35   Thumb Code    12  portserial.o(i.xMBPortSerialGetByte)
    xMBPortSerialInit                        0x00001b45   Thumb Code    88  portserial.o(i.xMBPortSerialInit)
    xMBPortSerialPutByte                     0x00001bad   Thumb Code    10  portserial.o(i.xMBPortSerialPutByte)
    xMBPortTimersInit                        0x00001bbd   Thumb Code    50  porttimer.o(i.xMBPortTimersInit)
    xMBRTUReceiveFSM                         0x00001bfd   Thumb Code   126  mbrtu.o(i.xMBRTUReceiveFSM)
    xMBRTUTimerT35Expired                    0x00001c89   Thumb Code    62  mbrtu.o(i.xMBRTUTimerT35Expired)
    xMBRTUTransmitFSM                        0x00001ccd   Thumb Code    98  mbrtu.o(i.xMBRTUTransmitFSM)
    xMBUtilGetBits                           0x00001d3d   Thumb Code    50  mbutils.o(i.xMBUtilGetBits)
    xMBUtilSetBits                           0x00001d6f   Thumb Code    82  mbutils.o(i.xMBUtilSetBits)
    gau32ClkSrcTbl                           0x00002210   Data          32  system_m051series.o(.constdata)
    Region$$Table$$Base                      0x00002230   Number         0  anon$$obj.o(Region$$Table)
    Region$$Table$$Limit                     0x00002250   Number         0  anon$$obj.o(Region$$Table)
    SlaveAddr                                0x20000000   Data           1  main.o(.data)
    Timehandel                               0x20000004   Data           1  porttimer.o(.data)
    timecut                                  0x20000008   Data           4  porttimer.o(.data)
    usSDiscInStart                           0x20000010   Data           2  user_mb_app.o(.data)
    usSCoilStart                             0x20000012   Data           2  user_mb_app.o(.data)
    usSRegInStart                            0x20000014   Data           2  user_mb_app.o(.data)
    usSRegHoldStart                          0x20000016   Data           2  user_mb_app.o(.data)
    usMDiscInStart                           0x20000018   Data           2  user_mb_app.o(.data)
    usMCoilStart                             0x2000001a   Data           2  user_mb_app.o(.data)
    usMRegInStart                            0x2000001c   Data           2  user_mb_app.o(.data)
    usMRegHoldStart                          0x2000001e   Data           2  user_mb_app.o(.data)
    Slave_ucSDiscInBuf                       0x20000020   Data           4  user_mb_app.o(.data)
    Slave_ucSCoilBuf                         0x20000024   Data           4  user_mb_app.o(.data)
    Slave_usSRegInBuf                        0x20000028   Data           4  user_mb_app.o(.data)
    Slave_usSRegHoldBuf                      0x2000002c   Data           4  user_mb_app.o(.data)
    ucSDiscInBuf                             0x20000030   Data           1  user_mb_app.o(.data)
    ucSCoilBuf                               0x20000031   Data           1  user_mb_app.o(.data)
    pxMBFrameCBByteReceived                  0x200000e8   Data           4  mb.o(.data)
    pxMBFrameCBTransmitterEmpty              0x200000ec   Data           4  mb.o(.data)
    pxMBPortCBTimerExpired                   0x200000f0   Data           4  mb.o(.data)
    pxMBFrameCBReceiveFSMCur                 0x200000f4   Data           4  mb.o(.data)
    pxMBFrameCBTransmitFSMCur                0x200000f8   Data           4  mb.o(.data)
    SystemCoreClock                          0x200000fc   Data           4  system_m051series.o(.data)
    CyclesPerUs                              0x20000100   Data           4  system_m051series.o(.data)
    PllClock                                 0x20000104   Data           4  system_m051series.o(.data)
    old                                      0x20000108   Data           8  realyctrl.o(.data)
    new                                      0x20000110   Data           8  realyctrl.o(.data)
    usSRegInBuf                              0x20000118   Data          16  user_mb_app.o(.bss)
    usSRegHoldBuf                            0x20000128   Data          48  user_mb_app.o(.bss)
    ucMDiscInBuf                             0x20000158   Data          16  user_mb_app.o(.bss)
    ucMCoilBuf                               0x20000168   Data          16  user_mb_app.o(.bss)
    usMRegInBuf                              0x20000178   Data         256  user_mb_app.o(.bss)
    usMRegHoldBuf                            0x20000278   Data         256  user_mb_app.o(.bss)
    ucRTUBuf                                 0x20000378   Data         256  mbrtu.o(.bss)
    __initial_sp                             0x20000698   Data           0  startup_m051series.o(STACK)



==============================================================================

Memory Map of the image

  Image Entry point : 0x000000d5

  Load Region LR_IROM1 (Base: 0x00000000, Size: 0x00002368, Max: 0x00010000, ABSOLUTE)

    Execution Region ER_IROM1 (Base: 0x00000000, Size: 0x00002250, Max: 0x00010000, ABSOLUTE)

    Base Addr    Size         Type   Attr      Idx    E Section Name        Object

    0x00000000   0x000000c0   Data   RO         1891    RESET               startup_m051series.o
    0x000000c0   0x00000000   Code   RO         1989  * .ARM.Collect$$$$00000000  mc_p.l(entry.o)(mc_p.l)
    0x000000c0   0x00000004   Code   RO         1999    .ARM.Collect$$$$00000001  mc_p.l(entry2.o)(mc_p.l)
    0x000000c4   0x00000004   Code   RO         2002    .ARM.Collect$$$$00000004  mc_p.l(entry5.o)(mc_p.l)
    0x000000c8   0x00000008   Code   RO         2003    .ARM.Collect$$$$00000007  mc_p.l(entry7.o)(mc_p.l)
    0x000000d0   0x00000004   Code   RO         2000    .ARM.Collect$$$$00002712  mc_p.l(entry2.o)(mc_p.l)
    0x000000d4   0x0000004c   Code   RO         1892  * .text               startup_m051series.o
    0x00000120   0x0000002c   Code   RO         1992    .text               mc_p.l(uidiv.o)(mc_p.l)
    0x0000014c   0x00000024   Code   RO         1994    .text               mc_p.l(memcpya.o)(mc_p.l)
    0x00000170   0x00000024   Code   RO         2004    .text               mc_p.l(init.o)(mc_p.l)
    0x00000194   0x00000020   Code   RO          822    i.CLK_EnableModuleClock  clk.o
    0x000001b4   0x0000007c   Code   RO         1734    i.CLK_GetPLLClockFreq  uart.o
    0x00000230   0x0000007c   Code   RO         1898    i.CLK_GetPLLClockFreq  system_m051series.o
    0x000002ac   0x00000060   Code   RO          833    i.CLK_SetModuleClock  clk.o
    0x0000030c   0x00000024   Code   RO          835    i.CLK_WaitClockReady  clk.o
    0x00000330   0x00000004   Code   RO          151    i.EnterCriticalSection  port.o
    0x00000334   0x00000004   Code   RO          152    i.ExitCriticalSection  port.o
    0x00000338   0x0000002c   Code   RO         1081    i.GPIO_SetMode      gpio.o
    0x00000364   0x00000078   Code   RO         1936    i.GetHwAddrIint     realyctrl.o
    0x000003dc   0x00000030   Code   RO         1937    i.HWRealyInit       realyctrl.o
    0x0000040c   0x00000024   Code   RO         1938    i.KeyPool           realyctrl.o
    0x00000430   0x00000014   Code   RO          288    i.NVIC_EnableIRQ    porttimer.o
    0x00000444   0x00000078   Code   RO          207    i.NVIC_SetPriority  portserial.o
    0x000004bc   0x00000078   Code   RO          289    i.NVIC_SetPriority  porttimer.o
    0x00000534   0x000000cc   Code   RO         1939    i.RealyCtrl         realyctrl.o
    0x00000600   0x0000006c   Code   RO         1940    i.RealyPoll         realyctrl.o
    0x0000066c   0x00000068   Code   RO            4    i.SYS_Init          main.o
    0x000006d4   0x00000034   Code   RO         1606    i.SYS_ResetModule   sys.o
    0x00000708   0x00000064   Code   RO         1899    i.SystemCoreClockUpdate  system_m051series.o
    0x0000076c   0x00000002   Code   RO         1900    i.SystemInit        system_m051series.o
    0x0000076e   0x0000000c   Code   RO          290    i.TIMER_EnableInt   porttimer.o
    0x0000077a   0x00000002   PAD
    0x0000077c   0x00000084   Code   RO         1677    i.TIMER_GetModuleClock  timer.o
    0x00000800   0x00000076   Code   RO         1678    i.TIMER_Open        timer.o
    0x00000876   0x0000000c   Code   RO          291    i.TIMER_Start       porttimer.o
    0x00000882   0x00000002   PAD
    0x00000884   0x0000005c   Code   RO          292    i.TMR1_IRQHandler   porttimer.o
    0x000008e0   0x0000002c   Code   RO          208    i.UART0_IRQHandler  portserial.o
    0x0000090c   0x00000094   Code   RO         1743    i.UART_Open         uart.o
    0x000009a0   0x0000001a   Code   RO          727    i.__ARM_common_switch8  mb.o
    0x000009ba   0x0000000e   Code   RO         2008    i.__scatterload_copy  mc_p.l(handlers.o)(mc_p.l)
    0x000009c8   0x00000002   Code   RO         2009    i.__scatterload_null  mc_p.l(handlers.o)(mc_p.l)
    0x000009ca   0x0000000e   Code   RO         2010    i.__scatterload_zeroinit  mc_p.l(handlers.o)(mc_p.l)
    0x000009d8   0x0000002c   Code   RO          404    i.crc_ccitt         mbcrc.o
    0x00000a04   0x00000094   Code   RO          516    i.eBTFuncReadHoldingRegister  btfunc.o
    0x00000a98   0x00000028   Code   RO          687    i.eMBEnable         mb.o
    0x00000ac0   0x000000b8   Code   RO          534    i.eMBFuncReadCoils  mbfunccoils.o
    0x00000b78   0x000000b6   Code   RO          561    i.eMBFuncReadDiscreteInputs  mbfuncdisc.o
    0x00000c2e   0x0000008a   Code   RO          573    i.eMBFuncReadHoldingRegister  mbfuncholding.o
    0x00000cb8   0x0000008a   Code   RO          603    i.eMBFuncReadInputRegister  mbfuncinput.o
    0x00000d42   0x000000e0   Code   RO          574    i.eMBFuncReadWriteMultipleHoldingRegister  mbfuncholding.o
    0x00000e22   0x00000002   PAD
    0x00000e24   0x00000028   Code   RO          617    i.eMBFuncReportSlaveID  mbfuncother.o
    0x00000e4c   0x00000070   Code   RO          535    i.eMBFuncWriteCoil  mbfunccoils.o
    0x00000ebc   0x00000040   Code   RO          575    i.eMBFuncWriteHoldingRegister  mbfuncholding.o
    0x00000efc   0x00000098   Code   RO          536    i.eMBFuncWriteMultipleCoils  mbfunccoils.o
    0x00000f94   0x0000006c   Code   RO          576    i.eMBFuncWriteMultipleHoldingRegister  mbfuncholding.o
    0x00001000   0x000000e0   Code   RO          688    i.eMBInit           mb.o
    0x000010e0   0x000001f0   Code   RO          689    i.eMBPoll           mb.o
    0x000012d0   0x00000058   Code   RO          426    i.eMBRTUInit        mbrtu.o
    0x00001328   0x0000006c   Code   RO          427    i.eMBRTUReceive     mbrtu.o
    0x00001394   0x0000008c   Code   RO          428    i.eMBRTUSend        mbrtu.o
    0x00001420   0x00000024   Code   RO          429    i.eMBRTUStart       mbrtu.o
    0x00001444   0x00000018   Code   RO          430    i.eMBRTUStop        mbrtu.o
    0x0000145c   0x0000015c   Code   RO          355    i.eMBRegCoilsCB     user_mb_app.o
    0x000015b8   0x00000150   Code   RO          356    i.eMBRegDiscreteCB  user_mb_app.o
    0x00001708   0x000000c4   Code   RO          357    i.eMBRegHoldingCB   user_mb_app.o
    0x000017cc   0x000000ac   Code   RO          358    i.eMBRegInputCB     user_mb_app.o
    0x00001878   0x00000068   Code   RO            6    i.main              main.o
    0x000018e0   0x000000d4   Code   RO          431    i.peBTFrameSendCur  mbrtu.o
    0x000019b4   0x00000024   Code   RO          646    i.prveMBError2Exception  mbutils.o
    0x000019d8   0x00000010   Code   RO          293    i.prvvTIMERExpiredISR  porttimer.o
    0x000019e8   0x00000010   Code   RO          209    i.prvvUARTRxISR     portserial.o
    0x000019f8   0x00000010   Code   RO          210    i.prvvUARTTxReadyISR  portserial.o
    0x00001a08   0x00000004   Code   RO          359    i.ucMBMasterGetDestAddress  user_mb_app.o
    0x00001a0c   0x00000038   Code   RO          405    i.usMBCRC16         mbcrc.o
    0x00001a44   0x00000044   Code   RO          212    i.vMBPortSerialEnable  portserial.o
    0x00001a88   0x0000002c   Code   RO          294    i.vMBPortTimersDisable  porttimer.o
    0x00001ab4   0x00000030   Code   RO          295    i.vMBPortTimersEnable  porttimer.o
    0x00001ae4   0x00000004   Code   RO          360    i.xMBMasterGetCBRunInMasterMode  user_mb_app.o
    0x00001ae8   0x00000024   Code   RO          172    i.xMBPortEventGet   portevent.o
    0x00001b0c   0x00000010   Code   RO          173    i.xMBPortEventInit  portevent.o
    0x00001b1c   0x00000018   Code   RO          174    i.xMBPortEventPost  portevent.o
    0x00001b34   0x00000010   Code   RO          213    i.xMBPortSerialGetByte  portserial.o
    0x00001b44   0x00000068   Code   RO          214    i.xMBPortSerialInit  portserial.o
    0x00001bac   0x00000010   Code   RO          215    i.xMBPortSerialPutByte  portserial.o
    0x00001bbc   0x00000040   Code   RO          296    i.xMBPortTimersInit  porttimer.o
    0x00001bfc   0x0000008c   Code   RO          432    i.xMBRTUReceiveFSM  mbrtu.o
    0x00001c88   0x00000044   Code   RO          433    i.xMBRTUTimerT35Expired  mbrtu.o
    0x00001ccc   0x00000070   Code   RO          434    i.xMBRTUTransmitFSM  mbrtu.o
    0x00001d3c   0x00000032   Code   RO          647    i.xMBUtilGetBits    mbutils.o
    0x00001d6e   0x00000052   Code   RO          648    i.xMBUtilSetBits    mbutils.o
    0x00001dc0   0x00000400   Data   RO          406    .constdata          mbcrc.o
    0x000021c0   0x00000020   Data   RO         1679    .constdata          timer.o
    0x000021e0   0x00000030   Data   RO         1751    .constdata          uart.o
    0x00002210   0x00000020   Data   RO         1901    .constdata          system_m051series.o
    0x00002230   0x00000020   Data   RO         2006    Region$$Table       anon$$obj.o


    Execution Region RW_IRAM1 (Base: 0x20000000, Size: 0x00000698, Max: 0x00001000, ABSOLUTE)

    Base Addr    Size         Type   Attr      Idx    E Section Name        Object

    0x20000000   0x00000001   Data   RW            7    .data               main.o
    0x20000001   0x00000002   Data   RW          175    .data               portevent.o
    0x20000003   0x00000001   PAD
    0x20000004   0x0000000a   Data   RW          297    .data               porttimer.o
    0x2000000e   0x00000002   PAD
    0x20000010   0x00000022   Data   RW          362    .data               user_mb_app.o
    0x20000032   0x00000002   PAD
    0x20000034   0x0000000c   Data   RW          436    .data               mbrtu.o
    0x20000040   0x00000002   Data   RW          620    .data               mbfuncother.o
    0x20000042   0x00000002   PAD
    0x20000044   0x000000b8   Data   RW          691    .data               mb.o
    0x200000fc   0x0000000c   Data   RW         1902    .data               system_m051series.o
    0x20000108   0x00000010   Data   RW         1941    .data               realyctrl.o
    0x20000118   0x00000260   Zero   RW          361    .bss                user_mb_app.o
    0x20000378   0x00000100   Zero   RW          435    .bss                mbrtu.o
    0x20000478   0x00000020   Zero   RW          619    .bss                mbfuncother.o
    0x20000498   0x00000200   Zero   RW         1889    STACK               startup_m051series.o


==============================================================================

Image component sizes


      Code (inc. data)   RO Data    RW Data    ZI Data      Debug   Object Name

       148          0          0          0          0          0   btfunc.o
       164         18          0          0          0          0   clk.o
        44          0          0          0          0          0   gpio.o
       208         24          0          1          0          0   main.o
       786        130          0        184          0          0   mb.o
       100         14       1024          0          0          0   mbcrc.o
       448          0          0          0          0          0   mbfunccoils.o
       182          0          0          0          0          0   mbfuncdisc.o
       534          0          0          0          0          0   mbfuncholding.o
       138          0          0          0          0          0   mbfuncinput.o
        40         10          0          2         32          0   mbfuncother.o
       928         98          0         12        256          0   mbrtu.o
       168          0          0          0          0          0   mbutils.o
         8          0          0          0          0          0   port.o
        76         22          0          2          0          0   portevent.o
       400         60          0          0          0          0   portserial.o
       428         82          0         10          0          0   porttimer.o
       516         72          0         16          0          0   realyctrl.o
        76         32        192          0        512          0   startup_m051series.o
        52          6          0          0          0          0   sys.o
       226         42         32         12          0          0   system_m051series.o
       250         22         32          0          0          0   timer.o
       272         36         48          0          0          0   uart.o
      1060         72          0         34        608          0   user_mb_app.o

    ----------------------------------------------------------------------
      7258        740       1360        280       1408          0   Object Totals
         0          0         32          0          0          0   (incl. Generated)
         6          0          0          7          0          1   (incl. Padding)

    ----------------------------------------------------------------------

      Code (inc. data)   RO Data    RW Data    ZI Data      Debug   Library Member Name

         0          0          0          0          0          0   entry.o
         8          4          0          0          0          0   entry2.o
         4          0          0          0          0          0   entry5.o
         8          4          0          0          0          0   entry7.o
        30          0          0          0          0          0   handlers.o
        36          8          0          0          0          0   init.o
        36          0          0          0          0          0   memcpya.o
        44          0          0          0          0          0   uidiv.o

    ----------------------------------------------------------------------
       166         16          0          0          0          0   Library Totals
         0          0          0          0          0          0   (incl. Padding)

    ----------------------------------------------------------------------

      Code (inc. data)   RO Data    RW Data    ZI Data      Debug   Library Name

       166         16          0          0          0        200   mc_p.l

    ----------------------------------------------------------------------
       166         16          0          0          0          0   Library Totals

    ----------------------------------------------------------------------

==============================================================================


      Code (inc. data)   RO Data    RW Data    ZI Data      Debug   

      7424        756       1360        280       1408     197936   Grand Totals
      7424        756       1360        280       1408     197936   ELF Image Totals
      7424        756       1360        280          0          0   ROM Totals

==============================================================================

    Total RO  Size (Code + RO Data)                 8784 (   8.58kB)
    Total RW  Size (RW Data + ZI Data)              1688 (   1.65kB)
    Total ROM Size (Code + RO Data + RW Data)       9064 (   8.85kB)

==============================================================================

