<html>
<body>
<pre>
<h1>µVision Build Log</h1>
<h2>Project:</h2>
C:\Documents and Settings\Administrator\×ÀÃæ\ModbusRunM0\SDK\Modbus.uvproj
Project File Date:  09/07/2016

<h2>Output:</h2>
Build target 'Modbus'
compiling main.c...
linking...
Program Size: Code=7424 RO-data=1360 RW-data=280 ZI-data=1408  
FromELF: creating hex file...
".\obj\Modbus.axf" - 0 Error(s), 0 Warning(s).
Load "C:\\Documents and Settings\\Administrator\\×ÀÃæ\\ModbusRunM0\\SDK\\obj\\Modbus.AXF" 
Build target 'Modbus'
linking...
Program Size: Code=7424 RO-data=1360 RW-data=280 ZI-data=1408  
FromELF: creating hex file...
".\obj\Modbus.axf" - 0 Error(s), 0 Warning(s).
Load "C:\\Documents and Settings\\Administrator\\×ÀÃæ\\ModbusRunM0\\SDK\\obj\\Modbus.AXF" 
